Archive member included to satisfy reference by file (symbol)

C:/ST/STM32CubeIDE_1.14.1/STM32CubeIDE/plugins/com.st.stm32cube.ide.mcu.externaltools.gnu-tools-for-stm32.11.3.rel1.win32_1.1.100.202309141235/tools/bin/../lib/gcc/arm-none-eabi/11.3.1/../../../../arm-none-eabi/lib/thumb/v6-m/nofp\libc.a(libc_a-exit.o)
                              C:/ST/STM32CubeIDE_1.14.1/STM32CubeIDE/plugins/com.st.stm32cube.ide.mcu.externaltools.gnu-tools-for-stm32.11.3.rel1.win32_1.1.100.202309141235/tools/bin/../lib/gcc/arm-none-eabi/11.3.1/../../../../arm-none-eabi/lib/thumb/v6-m/nofp/crt0.o (exit)
C:/ST/STM32CubeIDE_1.14.1/STM32CubeIDE/plugins/com.st.stm32cube.ide.mcu.externaltools.gnu-tools-for-stm32.11.3.rel1.win32_1.1.100.202309141235/tools/bin/../lib/gcc/arm-none-eabi/11.3.1/../../../../arm-none-eabi/lib/thumb/v6-m/nofp\libc.a(libc_a-malloc.o)
                              ./my_libraries/Src/my_nmea.o (malloc)
C:/ST/STM32CubeIDE_1.14.1/STM32CubeIDE/plugins/com.st.stm32cube.ide.mcu.externaltools.gnu-tools-for-stm32.11.3.rel1.win32_1.1.100.202309141235/tools/bin/../lib/gcc/arm-none-eabi/11.3.1/../../../../arm-none-eabi/lib/thumb/v6-m/nofp\libc.a(libc_a-mallocr.o)
                              C:/ST/STM32CubeIDE_1.14.1/STM32CubeIDE/plugins/com.st.stm32cube.ide.mcu.externaltools.gnu-tools-for-stm32.11.3.rel1.win32_1.1.100.202309141235/tools/bin/../lib/gcc/arm-none-eabi/11.3.1/../../../../arm-none-eabi/lib/thumb/v6-m/nofp\libc.a(libc_a-malloc.o) (_malloc_r)
C:/ST/STM32CubeIDE_1.14.1/STM32CubeIDE/plugins/com.st.stm32cube.ide.mcu.externaltools.gnu-tools-for-stm32.11.3.rel1.win32_1.1.100.202309141235/tools/bin/../lib/gcc/arm-none-eabi/11.3.1/../../../../arm-none-eabi/lib/thumb/v6-m/nofp\libc.a(libc_a-mlock.o)
                              C:/ST/STM32CubeIDE_1.14.1/STM32CubeIDE/plugins/com.st.stm32cube.ide.mcu.externaltools.gnu-tools-for-stm32.11.3.rel1.win32_1.1.100.202309141235/tools/bin/../lib/gcc/arm-none-eabi/11.3.1/../../../../arm-none-eabi/lib/thumb/v6-m/nofp\libc.a(libc_a-mallocr.o) (__malloc_lock)
C:/ST/STM32CubeIDE_1.14.1/STM32CubeIDE/plugins/com.st.stm32cube.ide.mcu.externaltools.gnu-tools-for-stm32.11.3.rel1.win32_1.1.100.202309141235/tools/bin/../lib/gcc/arm-none-eabi/11.3.1/../../../../arm-none-eabi/lib/thumb/v6-m/nofp\libc.a(libc_a-rand.o)
                              ./my_libraries/Src/my_rand.o (srand)
C:/ST/STM32CubeIDE_1.14.1/STM32CubeIDE/plugins/com.st.stm32cube.ide.mcu.externaltools.gnu-tools-for-stm32.11.3.rel1.win32_1.1.100.202309141235/tools/bin/../lib/gcc/arm-none-eabi/11.3.1/../../../../arm-none-eabi/lib/thumb/v6-m/nofp\libc.a(libc_a-strtod.o)
                              ./my_libraries/Src/my_conversions.o (strtod)
C:/ST/STM32CubeIDE_1.14.1/STM32CubeIDE/plugins/com.st.stm32cube.ide.mcu.externaltools.gnu-tools-for-stm32.11.3.rel1.win32_1.1.100.202309141235/tools/bin/../lib/gcc/arm-none-eabi/11.3.1/../../../../arm-none-eabi/lib/thumb/v6-m/nofp\libc.a(libc_a-strtol.o)
                              ./my_libraries/Src/my_nmea.o (strtol)
C:/ST/STM32CubeIDE_1.14.1/STM32CubeIDE/plugins/com.st.stm32cube.ide.mcu.externaltools.gnu-tools-for-stm32.11.3.rel1.win32_1.1.100.202309141235/tools/bin/../lib/gcc/arm-none-eabi/11.3.1/../../../../arm-none-eabi/lib/thumb/v6-m/nofp\libc.a(libc_a-strtoul.o)
                              ./my_libraries/Src/my_conversions.o (strtoul)
C:/ST/STM32CubeIDE_1.14.1/STM32CubeIDE/plugins/com.st.stm32cube.ide.mcu.externaltools.gnu-tools-for-stm32.11.3.rel1.win32_1.1.100.202309141235/tools/bin/../lib/gcc/arm-none-eabi/11.3.1/../../../../arm-none-eabi/lib/thumb/v6-m/nofp\libc.a(libc_a-ctype_.o)
                              ./my_drivers/Src/astronode_application.o (_ctype_)
C:/ST/STM32CubeIDE_1.14.1/STM32CubeIDE/plugins/com.st.stm32cube.ide.mcu.externaltools.gnu-tools-for-stm32.11.3.rel1.win32_1.1.100.202309141235/tools/bin/../lib/gcc/arm-none-eabi/11.3.1/../../../../arm-none-eabi/lib/thumb/v6-m/nofp\libc.a(libc_a-findfp.o)
                              C:/ST/STM32CubeIDE_1.14.1/STM32CubeIDE/plugins/com.st.stm32cube.ide.mcu.externaltools.gnu-tools-for-stm32.11.3.rel1.win32_1.1.100.202309141235/tools/bin/../lib/gcc/arm-none-eabi/11.3.1/../../../../arm-none-eabi/lib/thumb/v6-m/nofp\libc.a(libc_a-exit.o) (__stdio_exit_handler)
C:/ST/STM32CubeIDE_1.14.1/STM32CubeIDE/plugins/com.st.stm32cube.ide.mcu.externaltools.gnu-tools-for-stm32.11.3.rel1.win32_1.1.100.202309141235/tools/bin/../lib/gcc/arm-none-eabi/11.3.1/../../../../arm-none-eabi/lib/thumb/v6-m/nofp\libc.a(libc_a-fwalk.o)
                              C:/ST/STM32CubeIDE_1.14.1/STM32CubeIDE/plugins/com.st.stm32cube.ide.mcu.externaltools.gnu-tools-for-stm32.11.3.rel1.win32_1.1.100.202309141235/tools/bin/../lib/gcc/arm-none-eabi/11.3.1/../../../../arm-none-eabi/lib/thumb/v6-m/nofp\libc.a(libc_a-findfp.o) (_fwalk_sglue)
[...]
Memory Configuration

Name             Origin             Length             Attributes
RAM              0x0000000020000000 0x0000000000024000 xrw
FLASH            0x0000000008000000 0x0000000000020000 xr
*default*        0x0000000000000000 0xffffffffffffffff

Linker script and memory map

LOAD C:/ST/STM32CubeIDE_1.14.1/STM32CubeIDE/plugins/com.st.stm32cube.ide.mcu.externaltools.gnu-tools-for-stm32.11.3.rel1.win32_1.1.100.202309141235/tools/bin/../lib/gcc/arm-none-eabi/11.3.1/thumb/v6-m/nofp/crti.o
LOAD C:/ST/STM32CubeIDE_1.14.1/STM32CubeIDE/plugins/com.st.stm32cube.ide.mcu.externaltools.gnu-tools-for-stm32.11.3.rel1.win32_1.1.100.202309141235/tools/bin/../lib/gcc/arm-none-eabi/11.3.1/thumb/v6-m/nofp/crtbegin.o
LOAD C:/ST/STM32CubeIDE_1.14.1/STM32CubeIDE/plugins/com.st.stm32cube.ide.mcu.externaltools.gnu-tools-for-stm32.11.3.rel1.win32_1.1.100.202309141235/tools/bin/../lib/gcc/arm-none-eabi/11.3.1/../../../../arm-none-eabi/lib/thumb/v6-m/nofp/crt0.o
LOAD ./Core/Src/main.o
LOAD ./Core/Src/stm32g0xx_hal_msp.o
LOAD ./Core/Src/stm32g0xx_it.o
LOAD ./Core/Src/syscalls.o
LOAD ./Core/Src/sysmem.o
LOAD ./Core/Src/system_stm32g0xx.o
LOAD ./Core/Startup/startup_stm32g0b1cbtxn.o
LOAD ./Drivers/STM32G0xx_HAL_Driver/Src/stm32g0xx_hal.o
LOAD ./Drivers/STM32G0xx_HAL_Driver/Src/stm32g0xx_hal_cortex.o
LOAD ./Drivers/STM32G0xx_HAL_Driver/Src/stm32g0xx_hal_dma.o
LOAD ./Drivers/STM32G0xx_HAL_Driver/Src/stm32g0xx_hal_dma_ex.o
LOAD ./Drivers/STM32G0xx_HAL_Driver/Src/stm32g0xx_hal_exti.o
LOAD ./Drivers/STM32G0xx_HAL_Driver/Src/stm32g0xx_hal_flash.o
LOAD ./Drivers/STM32G0xx_HAL_Driver/Src/stm32g0xx_hal_flash_ex.o
LOAD ./Drivers/STM32G0xx_HAL_Driver/Src/stm32g0xx_hal_gpio.o
LOAD ./Drivers/STM32G0xx_HAL_Driver/Src/stm32g0xx_hal_pwr.o
LOAD ./Drivers/STM32G0xx_HAL_Driver/Src/stm32g0xx_hal_pwr_ex.o
LOAD ./Drivers/STM32G0xx_HAL_Driver/Src/stm32g0xx_hal_rcc.o
LOAD ./Drivers/STM32G0xx_HAL_Driver/Src/stm32g0xx_hal_rcc_ex.o
LOAD ./Drivers/STM32G0xx_HAL_Driver/Src/stm32g0xx_hal_rtc.o
LOAD ./Drivers/STM32G0xx_HAL_Driver/Src/stm32g0xx_hal_rtc_ex.o
LOAD ./Drivers/STM32G0xx_HAL_Driver/Src/stm32g0xx_hal_spi.o
LOAD ./Drivers/STM32G0xx_HAL_Driver/Src/stm32g0xx_hal_spi_ex.o
LOAD ./Drivers/STM32G0xx_HAL_Driver/Src/stm32g0xx_hal_tim.o
LOAD ./Drivers/STM32G0xx_HAL_Driver/Src/stm32g0xx_hal_tim_ex.o
LOAD ./Drivers/STM32G0xx_HAL_Driver/Src/stm32g0xx_hal_uart.o
LOAD ./Drivers/STM32G0xx_HAL_Driver/Src/stm32g0xx_hal_uart_ex.o
LOAD ./Drivers/STM32G0xx_HAL_Driver/Src/stm32g0xx_ll_dma.o
LOAD ./Drivers/STM32G0xx_HAL_Driver/Src/stm32g0xx_ll_rcc.o
LOAD ./my_drivers/Src/astronode_application.o
LOAD ./my_drivers/Src/astronode_transport.o
LOAD ./my_drivers/Src/iis2dh_reg.o
LOAD ./my_drivers/Src/my_astronode.o
LOAD ./my_drivers/Src/my_gnss.o
LOAD ./my_drivers/Src/my_rtc.o
LOAD ./my_libraries/Src/my_conversions.o
LOAD ./my_libraries/Src/my_global.o
LOAD ./my_libraries/Src/my_nmea.o
LOAD ./my_libraries/Src/my_rand.o
LOAD ./my_libraries/Src/my_tracker_api.o
START GROUP
LOAD C:/ST/STM32CubeIDE_1.14.1/STM32CubeIDE/plugins/com.st.stm32cube.ide.mcu.externaltools.gnu-tools-for-stm32.11.3.rel1.win32_1.1.100.202309141235/tools/bin/../lib/gcc/arm-none-eabi/11.3.1/../../../../arm-none-eabi/lib/thumb/v6-m/nofp\libc.a
LOAD C:/ST/STM32CubeIDE_1.14.1/STM32CubeIDE/plugins/com.st.stm32cube.ide.mcu.externaltools.gnu-tools-for-stm32.11.3.rel1.win32_1.1.100.202309141235/tools/bin/../lib/gcc/arm-none-eabi/11.3.1/../../../../arm-none-eabi/lib/thumb/v6-m/nofp\libm.a
END GROUP
START GROUP
LOAD C:/ST/STM32CubeIDE_1.14.1/STM32CubeIDE/plugins/com.st.stm32cube.ide.mcu.externaltools.gnu-tools-for-stm32.11.3.rel1.win32_1.1.100.202309141235/tools/bin/../lib/gcc/arm-none-eabi/11.3.1/thumb/v6-m/nofp\libgcc.a
LOAD C:/ST/STM32CubeIDE_1.14.1/STM32CubeIDE/plugins/com.st.stm32cube.ide.mcu.externaltools.gnu-tools-for-stm32.11.3.rel1.win32_1.1.100.202309141235/tools/bin/../lib/gcc/arm-none-eabi/11.3.1/../../../../arm-none-eabi/lib/thumb/v6-m/nofp\libc.a
END GROUP
START GROUP
LOAD C:/ST/STM32CubeIDE_1.14.1/STM32CubeIDE/plugins/com.st.stm32cube.ide.mcu.externaltools.gnu-tools-for-stm32.11.3.rel1.win32_1.1.100.202309141235/tools/bin/../lib/gcc/arm-none-eabi/11.3.1/thumb/v6-m/nofp\libgcc.a
LOAD C:/ST/STM32CubeIDE_1.14.1/STM32CubeIDE/plugins/com.st.stm32cube.ide.mcu.externaltools.gnu-tools-for-stm32.11.3.rel1.win32_1.1.100.202309141235/tools/bin/../lib/gcc/arm-none-eabi/11.3.1/../../../../arm-none-eabi/lib/thumb/v6-m/nofp\libc.a
LOAD C:/ST/STM32CubeIDE_1.14.1/STM32CubeIDE/plugins/com.st.stm32cube.ide.mcu.externaltools.gnu-tools-for-stm32.11.3.rel1.win32_1.1.100.202309141235/tools/bin/../lib/gcc/arm-none-eabi/11.3.1/../../../../arm-none-eabi/lib/thumb/v6-m/nofp\libnosys.a
END GROUP
LOAD C:/ST/STM32CubeIDE_1.14.1/STM32CubeIDE/plugins/com.st.stm32cube.ide.mcu.externaltools.gnu-tools-for-stm32.11.3.rel1.win32_1.1.100.202309141235/tools/bin/../lib/gcc/arm-none-eabi/11.3.1/thumb/v6-m/nofp/crtend.o
LOAD C:/ST/STM32CubeIDE_1.14.1/STM32CubeIDE/plugins/com.st.stm32cube.ide.mcu.externaltools.gnu-tools-for-stm32.11.3.rel1.win32_1.1.100.202309141235/tools/bin/../lib/gcc/arm-none-eabi/11.3.1/thumb/v6-m/nofp/crtn.o
                0x0000000020024000                _estack = (ORIGIN (RAM) + LENGTH (RAM))
                0x0000000000000200                _Min_Heap_Size = 0x200
                0x0000000000000400                _Min_Stack_Size = 0x400

.isr_vector     0x0000000008000000       0xbc
                0x0000000008000000                . = ALIGN (0x4)
 *(.isr_vector)
 .isr_vector    0x0000000008000000       0xbc ./Core/Startup/startup_stm32g0b1cbtxn.o
                0x0000000008000000                g_pfnVectors
                0x00000000080000bc                . = ALIGN (0x4)

.text           0x00000000080000bc    0x140c4
                0x00000000080000bc                . = ALIGN (0x4)
 *(.text)
 .text          0x00000000080000bc       0x48 C:/ST/STM32CubeIDE_1.14.1/STM32CubeIDE/plugins/com.st.stm32cube.ide.mcu.externaltools.gnu-tools-for-stm32.11.3.rel1.win32_1.1.100.202309141235/tools/bin/../lib/gcc/arm-none-eabi/11.3.1/thumb/v6-m/nofp/crtbegin.o
 .text          0x0000000008000104        0xe C:/ST/STM32CubeIDE_1.14.1/STM32CubeIDE/plugins/com.st.stm32cube.ide.mcu.externaltools.gnu-tools-for-stm32.11.3.rel1.win32_1.1.100.202309141235/tools/bin/../lib/gcc/arm-none-eabi/11.3.1/../../../../arm-none-eabi/lib/thumb/v6-m/nofp\libc.a(libc_a-strlen.o)
                0x0000000008000104                strlen
 *fill*         0x0000000008000112        0x2 
 .text          0x0000000008000114       0x14 C:/ST/STM32CubeIDE_1.14.1/STM32CubeIDE/plugins/com.st.stm32cube.ide.mcu.externaltools.gnu-tools-for-stm32.11.3.rel1.win32_1.1.100.202309141235/tools/bin/../lib/gcc/arm-none-eabi/11.3.1/thumb/v6-m/nofp\libgcc.a(_thumb1_case_uqi.o)
                0x0000000008000114                __gnu_thumb1_case_uqi
 .text          0x0000000008000128       0x14 C:/ST/STM32CubeIDE_1.14.1/STM32CubeIDE/plugins/com.st.stm32cube.ide.mcu.externaltools.gnu-tools-for-stm32.11.3.rel1.win32_1.1.100.202309141235/tools/bin/../lib/gcc/arm-none-eabi/11.3.1/thumb/v6-m/nofp\libgcc.a(_thumb1_case_uhi.o)
                0x0000000008000128                __gnu_thumb1_case_uhi
 .text          0x000000000800013c      0x114 C:/ST/STM32CubeIDE_1.14.1/STM32CubeIDE/plugins/com.st.stm32cube.ide.mcu.externaltools.gnu-tools-for-stm32.11.3.rel1.win32_1.1.100.202309141235/tools/bin/../lib/gcc/arm-none-eabi/11.3.1/thumb/v6-m/nofp\libgcc.a(_udivsi3.o)
                0x000000000800013c                __aeabi_uidiv
                0x000000000800013c                __udivsi3
                0x0000000008000248                __aeabi_uidivmod
 .text          0x0000000008000250      0x1d4 C:/ST/STM32CubeIDE_1.14.1/STM32CubeIDE/plugins/com.st.stm32cube.ide.mcu.externaltools.gnu-tools-for-stm32.11.3.rel1.win32_1.1.100.202309141235/tools/bin/../lib/gcc/arm-none-eabi/11.3.1/thumb/v6-m/nofp\libgcc.a(_divsi3.o)
                0x0000000008000250                __divsi3
                0x0000000008000250                __aeabi_idiv
                0x000000000800041c                __aeabi_idivmod
 .text          0x0000000008000424        0x4 C:/ST/STM32CubeIDE_1.14.1/STM32CubeIDE/plugins/com.st.stm32cube.ide.mcu.externaltools.gnu-tools-for-stm32.11.3.rel1.win32_1.1.100.202309141235/tools/bin/../lib/gcc/arm-none-eabi/11.3.1/thumb/v6-m/nofp\libgcc.a(_dvmd_tls.o)
                0x0000000008000424                __aeabi_idiv0
                0x0000000008000424                __aeabi_ldiv0
 .text          0x0000000008000428       0x7c C:/ST/STM32CubeIDE_1.14.1/STM32CubeIDE/plugins/com.st.stm32cube.ide.mcu.externaltools.gnu-tools-for-stm32.11.3.rel1.win32_1.1.100.202309141235/tools/bin/../lib/gcc/arm-none-eabi/11.3.1/thumb/v6-m/nofp\libgcc.a(_arm_cmpdf2.o)
                0x0000000008000428                __aeabi_cdrcmple
                0x0000000008000438                __aeabi_cdcmple
                0x0000000008000438                __aeabi_cdcmpeq
                0x0000000008000448                __aeabi_dcmpeq
                0x0000000008000454                __aeabi_dcmplt
                0x0000000008000468                __aeabi_dcmple
                0x000000000800047c                __aeabi_dcmpgt
                0x0000000008000490                __aeabi_dcmpge
 .text          0x00000000080004a4       0x40 C:/ST/STM32CubeIDE_1.14.1/STM32CubeIDE/plugins/com.st.stm32cube.ide.mcu.externaltools.gnu-tools-for-stm32.11.3.rel1.win32_1.1.100.202309141235/tools/bin/../lib/gcc/arm-none-eabi/11.3.1/thumb/v6-m/nofp\libgcc.a(_aeabi_uldivmod.o)
                0x00000000080004a4                __aeabi_uldivmod
 .text          0x00000000080004e4       0x5c C:/ST/STM32CubeIDE_1.14.1/STM32CubeIDE/plugins/com.st.stm32cube.ide.mcu.externaltools.gnu-tools-for-stm32.11.3.rel1.win32_1.1.100.202309141235/tools/bin/../lib/gcc/arm-none-eabi/11.3.1/thumb/v6-m/nofp\libgcc.a(_muldi3.o)
                0x00000000080004e4                __muldi3
                0x00000000080004e4                __aeabi_lmul
 .text          0x0000000008000540       0x3c C:/ST/STM32CubeIDE_1.14.1/STM32CubeIDE/plugins/com.st.stm32cube.ide.mcu.externaltools.gnu-tools-for-stm32.11.3.rel1.win32_1.1.100.202309141235/tools/bin/../lib/gcc/arm-none-eabi/11.3.1/thumb/v6-m/nofp\libgcc.a(_fixunsdfsi.o)
                0x0000000008000540                __aeabi_d2uiz
                0x0000000008000540                __fixunsdfsi
 .text          0x000000000800057c       0x3c C:/ST/STM32CubeIDE_1.14.1/STM32CubeIDE/plugins/com.st.stm32cube.ide.mcu.externaltools.gnu-tools-for-stm32.11.3.rel1.win32_1.1.100.202309141235/tools/bin/../lib/gcc/arm-none-eabi/11.3.1/thumb/v6-m/nofp\libgcc.a(_fixdfdi.o)
                0x000000000800057c                __fixdfdi
                0x000000000800057c                __aeabi_d2lz
 .text          0x00000000080005b8       0x3c C:/ST/STM32CubeIDE_1.14.1/STM32CubeIDE/plugins/com.st.stm32cube.ide.mcu.externaltools.gnu-tools-for-stm32.11.3.rel1.win32_1.1.100.202309141235/tools/bin/../lib/gcc/arm-none-eabi/11.3.1/thumb/v6-m/nofp\libgcc.a(_fixunsdfdi.o)
                0x00000000080005b8                __fixunsdfdi
                0x00000000080005b8                __aeabi_d2ulz
 .text          0x00000000080005f4       0x2c C:/ST/STM32CubeIDE_1.14.1/STM32CubeIDE/plugins/com.st.stm32cube.ide.mcu.externaltools.gnu-tools-for-stm32.11.3.rel1.win32_1.1.100.202309141235/tools/bin/../lib/gcc/arm-none-eabi/11.3.1/thumb/v6-m/nofp\libgcc.a(_floatdidf.o)
                0x00000000080005f4                __aeabi_l2d
                0x00000000080005f4                __floatdidf
 .text          0x0000000008000620      0x198 C:/ST/STM32CubeIDE_1.14.1/STM32CubeIDE/plugins/com.st.stm32cube.ide.mcu.externaltools.gnu-tools-for-stm32.11.3.rel1.win32_1.1.100.202309141235/tools/bin/../lib/gcc/arm-none-eabi/11.3.1/thumb/v6-m/nofp\libgcc.a(_udivmoddi4.o)
                0x0000000008000620                __udivmoddi4
 .text          0x00000000080007b8      0x6c0 C:/ST/STM32CubeIDE_1.14.1/STM32CubeIDE/plugins/com.st.stm32cube.ide.mcu.externaltools.gnu-tools-for-stm32.11.3.rel1.win32_1.1.100.202309141235/tools/bin/../lib/gcc/arm-none-eabi/11.3.1/thumb/v6-m/nofp\libgcc.a(adddf3.o)
                0x00000000080007b8                __aeabi_dadd
 .text          0x0000000008000e78      0x5dc C:/ST/STM32CubeIDE_1.14.1/STM32CubeIDE/plugins/com.st.stm32cube.ide.mcu.externaltools.gnu-tools-for-stm32.11.3.rel1.win32_1.1.100.202309141235/tools/bin/../lib/gcc/arm-none-eabi/11.3.1/thumb/v6-m/nofp\libgcc.a(divdf3.o)
                0x0000000008000e78                __aeabi_ddiv
 .text          0x0000000008001454       0x84 C:/ST/STM32CubeIDE_1.14.1/STM32CubeIDE/plugins/com.st.stm32cube.ide.mcu.externaltools.gnu-tools-for-stm32.11.3.rel1.win32_1.1.100.202309141235/tools/bin/../lib/gcc/arm-none-eabi/11.3.1/thumb/v6-m/nofp\libgcc.a(eqdf2.o)
                0x0000000008001454                __nedf2
                0x0000000008001454                __eqdf2
 .text          0x00000000080014d8       0xcc C:/ST/STM32CubeIDE_1.14.1/STM32CubeIDE/plugins/com.st.stm32cube.ide.mcu.externaltools.gnu-tools-for-stm32.11.3.rel1.win32_1.1.100.202309141235/tools/bin/../lib/gcc/arm-none-eabi/11.3.1/thumb/v6-m/nofp\libgcc.a(gedf2.o)
                0x00000000080014d8                __gedf2
                0x00000000080014d8                __gtdf2
 .text          0x00000000080015a4       0xc8 C:/ST/STM32CubeIDE_1.14.1/STM32CubeIDE/plugins/com.st.stm32cube.ide.mcu.externaltools.gnu-tools-for-stm32.11.3.rel1.win32_1.1.100.202309141235/tools/bin/../lib/gcc/arm-none-eabi/11.3.1/thumb/v6-m/nofp\libgcc.a(ledf2.o)
                0x00000000080015a4                __ledf2
                0x00000000080015a4                __ltdf2
 .text          0x000000000800166c      0x584 C:/ST/STM32CubeIDE_1.14.1/STM32CubeIDE/plugins/com.st.stm32cube.ide.mcu.externaltools.gnu-tools-for-stm32.11.3.rel1.win32_1.1.100.202309141235/tools/bin/../lib/gcc/arm-none-eabi/11.3.1/thumb/v6-m/nofp\libgcc.a(muldf3.o)
                0x000000000800166c                __aeabi_dmul
 .text          0x0000000008001bf0      0x704 C:/ST/STM32CubeIDE_1.14.1/STM32CubeIDE/plugins/com.st.stm32cube.ide.mcu.externaltools.gnu-tools-for-stm32.11.3.rel1.win32_1.1.100.202309141235/tools/bin/../lib/gcc/arm-none-eabi/11.3.1/thumb/v6-m/nofp\libgcc.a(subdf3.o)
                0x0000000008001bf0                __aeabi_dsub
 .text          0x00000000080022f4       0x3c C:/ST/STM32CubeIDE_1.14.1/STM32CubeIDE/plugins/com.st.stm32cube.ide.mcu.externaltools.gnu-tools-for-stm32.11.3.rel1.win32_1.1.100.202309141235/tools/bin/../lib/gcc/arm-none-eabi/11.3.1/thumb/v6-m/nofp\libgcc.a(unorddf2.o)
                0x00000000080022f4                __aeabi_dcmpun
 .text          0x0000000008002330       0x6c C:/ST/STM32CubeIDE_1.14.1/STM32CubeIDE/plugins/com.st.stm32cube.ide.mcu.externaltools.gnu-tools-for-stm32.11.3.rel1.win32_1.1.100.202309141235/tools/bin/../lib/gcc/arm-none-eabi/11.3.1/thumb/v6-m/nofp\libgcc.a(fixdfsi.o)
                0x0000000008002330                __aeabi_d2iz
 .text          0x000000000800239c       0x60 C:/ST/STM32CubeIDE_1.14.1/STM32CubeIDE/plugins/com.st.stm32cube.ide.mcu.externaltools.gnu-tools-for-stm32.11.3.rel1.win32_1.1.100.202309141235/tools/bin/../lib/gcc/arm-none-eabi/11.3.1/thumb/v6-m/nofp\libgcc.a(floatsidf.o)
                0x000000000800239c                __aeabi_i2d
 .text          0x00000000080023fc       0x4c C:/ST/STM32CubeIDE_1.14.1/STM32CubeIDE/plugins/com.st.stm32cube.ide.mcu.externaltools.gnu-tools-for-stm32.11.3.rel1.win32_1.1.100.202309141235/tools/bin/../lib/gcc/arm-none-eabi/11.3.1/thumb/v6-m/nofp\libgcc.a(floatunsidf.o)
                0x00000000080023fc                __aeabi_ui2d
 .text          0x0000000008002448      0x10c C:/ST/STM32CubeIDE_1.14.1/STM32CubeIDE/plugins/com.st.stm32cube.ide.mcu.externaltools.gnu-tools-for-stm32.11.3.rel1.win32_1.1.100.202309141235/tools/bin/../lib/gcc/arm-none-eabi/11.3.1/thumb/v6-m/nofp\libgcc.a(truncdfsf2.o)
                0x0000000008002448                __aeabi_d2f
 .text          0x0000000008002554       0x3c C:/ST/STM32CubeIDE_1.14.1/STM32CubeIDE/plugins/com.st.stm32cube.ide.mcu.externaltools.gnu-tools-for-stm32.11.3.rel1.win32_1.1.100.202309141235/tools/bin/../lib/gcc/arm-none-eabi/11.3.1/thumb/v6-m/nofp\libgcc.a(_clzsi2.o)
                0x0000000008002554                __clzsi2
 .text          0x0000000008002590       0x18 C:/ST/STM32CubeIDE_1.14.1/STM32CubeIDE/plugins/com.st.stm32cube.ide.mcu.externaltools.gnu-tools-for-stm32.11.3.rel1.win32_1.1.100.202309141235/tools/bin/../lib/gcc/arm-none-eabi/11.3.1/thumb/v6-m/nofp\libgcc.a(_clzdi2.o)
                0x0000000008002590                __clzdi2
 *(.text*)
 .text.main     0x00000000080025a8      0x3d0 ./Core/Src/main.o
                0x00000000080025a8                main
 .text.SystemClock_Config
                0x0000000008002978       0xac ./Core/Src/main.o
                0x0000000008002978                SystemClock_Config
 .text.MX_RTC_Init
                0x0000000008002a24      0x148 ./Core/Src/main.o
 .text.MX_SPI1_Init
                0x0000000008002b6c       0x7c ./Core/Src/main.o
 .text.MX_TIM6_Init
                0x0000000008002be8       0x7c ./Core/Src/main.o
 .text.MX_USART1_UART_Init
                0x0000000008002c64       0x9c ./Core/Src/main.o
 .text.MX_USART2_UART_Init
                0x0000000008002d00       0x9c ./Core/Src/main.o
 .text.MX_USART3_UART_Init
                0x0000000008002d9c       0x9c ./Core/Src/main.o
 .text.MX_USART5_UART_Init
                0x0000000008002e38       0x68 ./Core/Src/main.o
 .text.MX_GPIO_Init
                0x0000000008002ea0      0x218 ./Core/Src/main.o
 .text.send_debug_logs
                0x00000000080030b8       0x60 ./Core/Src/main.o
                0x00000000080030b8                send_debug_logs
 .text.my_sys_init
                0x0000000008003118      0x13c ./Core/Src/main.o
                0x0000000008003118                my_sys_init
 .text.my_sys_restart
                0x0000000008003254       0x48 ./Core/Src/main.o
                0x0000000008003254                my_sys_restart
 .text.my_sys_sleep
                0x000000000800329c       0x6c ./Core/Src/main.o
                0x000000000800329c                my_sys_sleep
 .text.my_sys_change_watchdog_time_ths
                0x0000000008003308       0x3c ./Core/Src/main.o
                0x0000000008003308                my_sys_change_watchdog_time_ths
 .text.my_sys_change_AlarmA_time
                0x0000000008003344       0x3c ./Core/Src/main.o
                0x0000000008003344                my_sys_change_AlarmA_time
 .text.my_sys_change_fix_acq_ths
                0x0000000008003380       0x38 ./Core/Src/main.o
                0x0000000008003380                my_sys_change_fix_acq_ths
 .text.my_sys_change_min_tns_time_ths
                0x00000000080033b8       0x38 ./Core/Src/main.o
                0x00000000080033b8                my_sys_change_min_tns_time_ths
 .text.my_sys_change_pdop_ths
                0x00000000080033f0       0x3c ./Core/Src/main.o
                0x00000000080033f0                my_sys_change_pdop_ths
 .text.my_tracker_handle_cmd
                0x000000000800342c      0x434 ./Core/Src/main.o
                0x000000000800342c                my_tracker_handle_cmd
 .text.my_ant_sw_pos
                0x0000000008003860       0x64 ./Core/Src/main.o
                0x0000000008003860                my_ant_sw_pos
 .text.my_gnss_sw_on
                0x00000000080038c4       0x34 ./Core/Src/main.o
                0x00000000080038c4                my_gnss_sw_on
 .text.my_gnss_sw_off
                0x00000000080038f8       0x48 ./Core/Src/main.o
                0x00000000080038f8                my_gnss_sw_off
 .text.my_gnss_receive_byte
                0x0000000008003940       0x48 ./Core/Src/main.o
                0x0000000008003940                my_gnss_receive_byte
 .text.my_acc_init
                0x0000000008003988       0x50 ./Core/Src/main.o
                0x0000000008003988                my_acc_init
 .text.my_acc_start
                0x00000000080039d8       0x70 ./Core/Src/main.o
                0x00000000080039d8                my_acc_start
 .text.my_acc_stop
                0x0000000008003a48       0x30 ./Core/Src/main.o
                0x0000000008003a48                my_acc_stop
 .text.my_astronode_reset
                0x0000000008003a78       0x34 ./Core/Src/main.o
                0x0000000008003a78                my_astronode_reset
 .text.send_astronode_request
                0x0000000008003aac       0x3c ./Core/Src/main.o
                0x0000000008003aac                send_astronode_request
 .text.get_systick
                0x0000000008003ae8       0x10 ./Core/Src/main.o
                0x0000000008003ae8                get_systick
 .text.is_systick_timeout_over
                0x0000000008003af8       0x2c ./Core/Src/main.o
                0x0000000008003af8                is_systick_timeout_over
 .text.is_astronode_character_received
                0x0000000008003b24       0x28 ./Core/Src/main.o
                0x0000000008003b24                is_astronode_character_received
 .text.my_astro_evt_pin
                0x0000000008003b4c       0x24 ./Core/Src/main.o
                0x0000000008003b4c                my_astro_evt_pin
 .text.my_astro_turn_payload_id_counter
                0x0000000008003b70       0x1c ./Core/Src/main.o
                0x0000000008003b70                my_astro_turn_payload_id_counter
 .text.my_astro_send_uplink
                0x0000000008003b8c       0x6c ./Core/Src/main.o
                0x0000000008003b8c                my_astro_send_uplink
 .text.my_st_acc_platform_write
                0x0000000008003bf8       0x6a ./Core/Src/main.o
                0x0000000008003bf8                my_st_acc_platform_write
 .text.my_st_acc_platform_read
                0x0000000008003c62       0x7a ./Core/Src/main.o
                0x0000000008003c62                my_st_acc_platform_read
 .text.my_tim_init
                0x0000000008003cdc       0x18 ./Core/Src/main.o
                0x0000000008003cdc                my_tim_init
 .text.my_tim_start
                0x0000000008003cf4       0x20 ./Core/Src/main.o
                0x0000000008003cf4                my_tim_start
 .text.my_tim_stop
                0x0000000008003d14       0x18 ./Core/Src/main.o
                0x0000000008003d14                my_tim_stop
 .text.HAL_TIM_PeriodElapsedCallback
                0x0000000008003d2c       0x44 ./Core/Src/main.o
                0x0000000008003d2c                HAL_TIM_PeriodElapsedCallback
 .text.HAL_RTC_AlarmAEventCallback
                0x0000000008003d70       0x1c ./Core/Src/main.o
                0x0000000008003d70                HAL_RTC_AlarmAEventCallback
 .text.HAL_GPIO_EXTI_Rising_Callback
                0x0000000008003d8c       0x14 ./Core/Src/main.o
                0x0000000008003d8c                HAL_GPIO_EXTI_Rising_Callback
 .text.Error_Handler
                0x0000000008003da0        0xa ./Core/Src/main.o
                0x0000000008003da0                Error_Handler
 *fill*         0x0000000008003daa        0x2 
 .text.HAL_MspInit
                0x0000000008003dac       0x50 ./Core/Src/stm32g0xx_hal_msp.o
                0x0000000008003dac                HAL_MspInit
 .text.HAL_RTC_MspInit
                0x0000000008003dfc       0x8c ./Core/Src/stm32g0xx_hal_msp.o
                0x0000000008003dfc                HAL_RTC_MspInit
 .text.HAL_SPI_MspInit
                0x0000000008003e88       0x94 ./Core/Src/stm32g0xx_hal_msp.o
                0x0000000008003e88                HAL_SPI_MspInit
 .text.HAL_TIM_Base_MspInit
                0x0000000008003f1c       0x4c ./Core/Src/stm32g0xx_hal_msp.o
                0x0000000008003f1c                HAL_TIM_Base_MspInit
 .text.HAL_UART_MspInit
                0x0000000008003f68      0x258 ./Core/Src/stm32g0xx_hal_msp.o
                0x0000000008003f68                HAL_UART_MspInit
 .text.HAL_UART_MspDeInit
                0x00000000080041c0       0xcc ./Core/Src/stm32g0xx_hal_msp.o
                0x00000000080041c0                HAL_UART_MspDeInit
 .text.NMI_Handler
                0x000000000800428c        0x6 ./Core/Src/stm32g0xx_it.o
                0x000000000800428c                NMI_Handler
 .text.HardFault_Handler
                0x0000000008004292        0x6 ./Core/Src/stm32g0xx_it.o
                0x0000000008004292                HardFault_Handler
 .text.SVC_Handler
                0x0000000008004298        0xa ./Core/Src/stm32g0xx_it.o
                0x0000000008004298                SVC_Handler
 .text.PendSV_Handler
                0x00000000080042a2        0xa ./Core/Src/stm32g0xx_it.o
                0x00000000080042a2                PendSV_Handler
 .text.SysTick_Handler
                0x00000000080042ac        0xe ./Core/Src/stm32g0xx_it.o
                0x00000000080042ac                SysTick_Handler
 *fill*         0x00000000080042ba        0x2 
 .text.RTC_TAMP_IRQHandler
                0x00000000080042bc       0x18 ./Core/Src/stm32g0xx_it.o
                0x00000000080042bc                RTC_TAMP_IRQHandler
 .text.EXTI2_3_IRQHandler
                0x00000000080042d4       0x10 ./Core/Src/stm32g0xx_it.o
                0x00000000080042d4                EXTI2_3_IRQHandler
 .text.TIM6_DAC_LPTIM1_IRQHandler
                0x00000000080042e4       0x18 ./Core/Src/stm32g0xx_it.o
                0x00000000080042e4                TIM6_DAC_LPTIM1_IRQHandler
 .text._getpid  0x00000000080042fc        0xc ./Core/Src/syscalls.o
                0x00000000080042fc                _getpid
 .text._kill    0x0000000008004308       0x20 ./Core/Src/syscalls.o
                0x0000000008004308                _kill
 .text._exit    0x0000000008004328       0x18 ./Core/Src/syscalls.o
                0x0000000008004328                _exit
 .text._read    0x0000000008004340       0x3a ./Core/Src/syscalls.o
                0x0000000008004340                _read
 .text._write   0x000000000800437a       0x38 ./Core/Src/syscalls.o
                0x000000000800437a                _write
 .text._close   0x00000000080043b2       0x14 ./Core/Src/syscalls.o
                0x00000000080043b2                _close
 .text._fstat   0x00000000080043c6       0x1c ./Core/Src/syscalls.o
                0x00000000080043c6                _fstat
 .text._isatty  0x00000000080043e2       0x12 ./Core/Src/syscalls.o
                0x00000000080043e2                _isatty
 .text._lseek   0x00000000080043f4       0x16 ./Core/Src/syscalls.o
                0x00000000080043f4                _lseek
 *fill*         0x000000000800440a        0x2 
 .text._sbrk    0x000000000800440c       0x6c ./Core/Src/sysmem.o
                0x000000000800440c                _sbrk
 .text.SystemInit
                0x0000000008004478        0xa ./Core/Src/system_stm32g0xx.o
                0x0000000008004478                SystemInit
 *fill*         0x0000000008004482        0x2 
 .text.Reset_Handler
                0x0000000008004484       0x50 ./Core/Startup/startup_stm32g0b1cbtxn.o
                0x0000000008004484                Reset_Handler
 .text.Default_Handler
                0x00000000080044d4        0x2 ./Core/Startup/startup_stm32g0b1cbtxn.o
                0x00000000080044d4                I2C2_3_IRQHandler
                0x00000000080044d4                USART3_4_5_6_LPUART1_IRQHandler
                0x00000000080044d4                TIM1_CC_IRQHandler
                0x00000000080044d4                ADC1_COMP_IRQHandler
                0x00000000080044d4                I2C1_IRQHandler
                0x00000000080044d4                TIM7_LPTIM2_IRQHandler
                0x00000000080044d4                TIM17_FDCAN_IT1_IRQHandler
                0x00000000080044d4                DMA1_Ch4_7_DMA2_Ch1_5_DMAMUX1_OVR_IRQHandler
                0x00000000080044d4                RCC_CRS_IRQHandler
                0x00000000080044d4                SPI1_IRQHandler
                0x00000000080044d4                USB_UCPD1_2_IRQHandler
                0x00000000080044d4                USART2_LPUART2_IRQHandler
                0x00000000080044d4                PVD_VDDIO2_IRQHandler
                0x00000000080044d4                EXTI4_15_IRQHandler
                0x00000000080044d4                DMA1_Channel1_IRQHandler
                0x00000000080044d4                Default_Handler
                0x00000000080044d4                CEC_IRQHandler
                0x00000000080044d4                TIM14_IRQHandler
                0x00000000080044d4                TIM15_IRQHandler
                0x00000000080044d4                TIM3_TIM4_IRQHandler
                0x00000000080044d4                EXTI0_1_IRQHandler
                0x00000000080044d4                SPI2_3_IRQHandler
                0x00000000080044d4                WWDG_IRQHandler
                0x00000000080044d4                TIM2_IRQHandler
                0x00000000080044d4                DMA1_Channel2_3_IRQHandler
                0x00000000080044d4                FLASH_IRQHandler
                0x00000000080044d4                USART1_IRQHandler
                0x00000000080044d4                TIM16_FDCAN_IT0_IRQHandler
                0x00000000080044d4                TIM1_BRK_UP_TRG_COM_IRQHandler
 *fill*         0x00000000080044d6        0x2 
 .text.HAL_Init
                0x00000000080044d8       0x40 ./Drivers/STM32G0xx_HAL_Driver/Src/stm32g0xx_hal.o
                0x00000000080044d8                HAL_Init
 .text.HAL_InitTick
                0x0000000008004518       0x94 ./Drivers/STM32G0xx_HAL_Driver/Src/stm32g0xx_hal.o
                0x0000000008004518                HAL_InitTick
 .text.HAL_IncTick
                0x00000000080045ac       0x24 ./Drivers/STM32G0xx_HAL_Driver/Src/stm32g0xx_hal.o
                0x00000000080045ac                HAL_IncTick
 .text.HAL_GetTick
                0x00000000080045d0       0x14 ./Drivers/STM32G0xx_HAL_Driver/Src/stm32g0xx_hal.o
                0x00000000080045d0                HAL_GetTick
 .text.HAL_Delay
                0x00000000080045e4       0x48 ./Drivers/STM32G0xx_HAL_Driver/Src/stm32g0xx_hal.o
                0x00000000080045e4                HAL_Delay
 .text.HAL_SuspendTick
                0x000000000800462c       0x1c ./Drivers/STM32G0xx_HAL_Driver/Src/stm32g0xx_hal.o
                0x000000000800462c                HAL_SuspendTick
 .text.HAL_ResumeTick
                0x0000000008004648       0x1c ./Drivers/STM32G0xx_HAL_Driver/Src/stm32g0xx_hal.o
                0x0000000008004648                HAL_ResumeTick
 .text.HAL_SYSCFG_StrobeDBattpinsConfig
                0x0000000008004664       0x2c ./Drivers/STM32G0xx_HAL_Driver/Src/stm32g0xx_hal.o
                0x0000000008004664                HAL_SYSCFG_StrobeDBattpinsConfig
 .text.__NVIC_EnableIRQ
                0x0000000008004690       0x34 ./Drivers/STM32G0xx_HAL_Driver/Src/stm32g0xx_hal_cortex.o
 .text.__NVIC_SetPriority
                0x00000000080046c4       0xdc ./Drivers/STM32G0xx_HAL_Driver/Src/stm32g0xx_hal_cortex.o
 .text.__NVIC_SystemReset
                0x00000000080047a0       0x24 ./Drivers/STM32G0xx_HAL_Driver/Src/stm32g0xx_hal_cortex.o
 .text.SysTick_Config
                0x00000000080047c4       0x48 ./Drivers/STM32G0xx_HAL_Driver/Src/stm32g0xx_hal_cortex.o
 .text.HAL_NVIC_SetPriority
                0x000000000800480c       0x2a ./Drivers/STM32G0xx_HAL_Driver/Src/stm32g0xx_hal_cortex.o
                0x000000000800480c                HAL_NVIC_SetPriority
 .text.HAL_NVIC_EnableIRQ
                0x0000000008004836       0x20 ./Drivers/STM32G0xx_HAL_Driver/Src/stm32g0xx_hal_cortex.o
                0x0000000008004836                HAL_NVIC_EnableIRQ
 .text.HAL_NVIC_SystemReset
                0x0000000008004856        0x8 ./Drivers/STM32G0xx_HAL_Driver/Src/stm32g0xx_hal_cortex.o
                0x0000000008004856                HAL_NVIC_SystemReset
 .text.HAL_SYSTICK_Config
                0x000000000800485e       0x1a ./Drivers/STM32G0xx_HAL_Driver/Src/stm32g0xx_hal_cortex.o
                0x000000000800485e                HAL_SYSTICK_Config
 .text.HAL_GPIO_Init
                0x0000000008004878      0x2d8 ./Drivers/STM32G0xx_HAL_Driver/Src/stm32g0xx_hal_gpio.o
                0x0000000008004878                HAL_GPIO_Init
 .text.HAL_GPIO_DeInit
                0x0000000008004b50      0x1b0 ./Drivers/STM32G0xx_HAL_Driver/Src/stm32g0xx_hal_gpio.o
                0x0000000008004b50                HAL_GPIO_DeInit
 .text.HAL_GPIO_ReadPin
                0x0000000008004d00       0x3a ./Drivers/STM32G0xx_HAL_Driver/Src/stm32g0xx_hal_gpio.o
                0x0000000008004d00                HAL_GPIO_ReadPin
 .text.HAL_GPIO_WritePin
                0x0000000008004d3a       0x3a ./Drivers/STM32G0xx_HAL_Driver/Src/stm32g0xx_hal_gpio.o
                0x0000000008004d3a                HAL_GPIO_WritePin
 .text.HAL_GPIO_EXTI_IRQHandler
                0x0000000008004d74       0x54 ./Drivers/STM32G0xx_HAL_Driver/Src/stm32g0xx_hal_gpio.o
                0x0000000008004d74                HAL_GPIO_EXTI_IRQHandler
 .text.HAL_GPIO_EXTI_Falling_Callback
                0x0000000008004dc8       0x14 ./Drivers/STM32G0xx_HAL_Driver/Src/stm32g0xx_hal_gpio.o
                0x0000000008004dc8                HAL_GPIO_EXTI_Falling_Callback
 .text.HAL_PWR_EnableBkUpAccess
                0x0000000008004ddc       0x1c ./Drivers/STM32G0xx_HAL_Driver/Src/stm32g0xx_hal_pwr.o
                0x0000000008004ddc                HAL_PWR_EnableBkUpAccess
 .text.HAL_PWR_EnterSTOPMode
                0x0000000008004df8       0x70 ./Drivers/STM32G0xx_HAL_Driver/Src/stm32g0xx_hal_pwr.o
                0x0000000008004df8                HAL_PWR_EnterSTOPMode
 .text.HAL_PWREx_ControlVoltageScaling
                0x0000000008004e68       0x80 ./Drivers/STM32G0xx_HAL_Driver/Src/stm32g0xx_hal_pwr_ex.o
                0x0000000008004e68                HAL_PWREx_ControlVoltageScaling
 .text.LL_RCC_GetAPB1Prescaler
                0x0000000008004ee8       0x18 ./Drivers/STM32G0xx_HAL_Driver/Src/stm32g0xx_hal_rcc.o
 .text.HAL_RCC_OscConfig
                0x0000000008004f00      0x6c0 ./Drivers/STM32G0xx_HAL_Driver/Src/stm32g0xx_hal_rcc.o
                0x0000000008004f00                HAL_RCC_OscConfig
 .text.HAL_RCC_ClockConfig
                0x00000000080055c0      0x210 ./Drivers/STM32G0xx_HAL_Driver/Src/stm32g0xx_hal_rcc.o
                0x00000000080055c0                HAL_RCC_ClockConfig
 .text.HAL_RCC_GetSysClockFreq
                0x00000000080057d0      0x104 ./Drivers/STM32G0xx_HAL_Driver/Src/stm32g0xx_hal_rcc.o
                0x00000000080057d0                HAL_RCC_GetSysClockFreq
 .text.HAL_RCC_GetHCLKFreq
                0x00000000080058d4       0x14 ./Drivers/STM32G0xx_HAL_Driver/Src/stm32g0xx_hal_rcc.o
                0x00000000080058d4                HAL_RCC_GetHCLKFreq
 .text.HAL_RCC_GetPCLK1Freq
                0x00000000080058e8       0x2c ./Drivers/STM32G0xx_HAL_Driver/Src/stm32g0xx_hal_rcc.o
                0x00000000080058e8                HAL_RCC_GetPCLK1Freq
 .text.HAL_RCCEx_PeriphCLKConfig
                0x0000000008005914      0x478 ./Drivers/STM32G0xx_HAL_Driver/Src/stm32g0xx_hal_rcc_ex.o
                0x0000000008005914                HAL_RCCEx_PeriphCLKConfig
 .text.HAL_RTC_Init
                0x0000000008005d8c      0x144 ./Drivers/STM32G0xx_HAL_Driver/Src/stm32g0xx_hal_rtc.o
                0x0000000008005d8c                HAL_RTC_Init
 .text.HAL_RTC_SetTime
                0x0000000008005ed0      0x150 ./Drivers/STM32G0xx_HAL_Driver/Src/stm32g0xx_hal_rtc.o
                0x0000000008005ed0                HAL_RTC_SetTime
 .text.HAL_RTC_GetTime
                0x0000000008006020       0xb8 ./Drivers/STM32G0xx_HAL_Driver/Src/stm32g0xx_hal_rtc.o
                0x0000000008006020                HAL_RTC_GetTime
 .text.HAL_RTC_SetDate
                0x00000000080060d8      0x124 ./Drivers/STM32G0xx_HAL_Driver/Src/stm32g0xx_hal_rtc.o
                0x00000000080060d8                HAL_RTC_SetDate
 .text.HAL_RTC_GetDate
                0x00000000080061fc       0x9c ./Drivers/STM32G0xx_HAL_Driver/Src/stm32g0xx_hal_rtc.o
                0x00000000080061fc                HAL_RTC_GetDate
 .text.HAL_RTC_SetAlarm_IT
                0x0000000008006298      0x280 ./Drivers/STM32G0xx_HAL_Driver/Src/stm32g0xx_hal_rtc.o
                0x0000000008006298                HAL_RTC_SetAlarm_IT
 .text.HAL_RTC_AlarmIRQHandler
                0x0000000008006518       0x7c ./Drivers/STM32G0xx_HAL_Driver/Src/stm32g0xx_hal_rtc.o
                0x0000000008006518                HAL_RTC_AlarmIRQHandler
 .text.HAL_RTC_WaitForSynchro
                0x0000000008006594       0x4c ./Drivers/STM32G0xx_HAL_Driver/Src/stm32g0xx_hal_rtc.o
                0x0000000008006594                HAL_RTC_WaitForSynchro
 .text.RTC_EnterInitMode
                0x00000000080065e0       0x84 ./Drivers/STM32G0xx_HAL_Driver/Src/stm32g0xx_hal_rtc.o
                0x00000000080065e0                RTC_EnterInitMode
 .text.RTC_ExitInitMode
                0x0000000008006664       0x88 ./Drivers/STM32G0xx_HAL_Driver/Src/stm32g0xx_hal_rtc.o
                0x0000000008006664                RTC_ExitInitMode
 .text.RTC_ByteToBcd2
                0x00000000080066ec       0x50 ./Drivers/STM32G0xx_HAL_Driver/Src/stm32g0xx_hal_rtc.o
                0x00000000080066ec                RTC_ByteToBcd2
 .text.RTC_Bcd2ToByte
                0x000000000800673c       0x3a ./Drivers/STM32G0xx_HAL_Driver/Src/stm32g0xx_hal_rtc.o
                0x000000000800673c                RTC_Bcd2ToByte
 .text.HAL_RTCEx_EnableBypassShadow
                0x0000000008006776       0x68 ./Drivers/STM32G0xx_HAL_Driver/Src/stm32g0xx_hal_rtc_ex.o
                0x0000000008006776                HAL_RTCEx_EnableBypassShadow
 .text.HAL_RTCEx_DisableBypassShadow
                0x00000000080067de       0x68 ./Drivers/STM32G0xx_HAL_Driver/Src/stm32g0xx_hal_rtc_ex.o
                0x00000000080067de                HAL_RTCEx_DisableBypassShadow
 .text.HAL_RTCEx_AlarmBEventCallback
                0x0000000008006846       0x10 ./Drivers/STM32G0xx_HAL_Driver/Src/stm32g0xx_hal_rtc_ex.o
                0x0000000008006846                HAL_RTCEx_AlarmBEventCallback
 *fill*         0x0000000008006856        0x2 
 .text.HAL_SPI_Init
                0x0000000008006858      0x170 ./Drivers/STM32G0xx_HAL_Driver/Src/stm32g0xx_hal_spi.o
                0x0000000008006858                HAL_SPI_Init
 .text.HAL_SPI_Transmit
                0x00000000080069c8      0x2be ./Drivers/STM32G0xx_HAL_Driver/Src/stm32g0xx_hal_spi.o
                0x00000000080069c8                HAL_SPI_Transmit
 *fill*         0x0000000008006c86        0x2 
 .text.HAL_SPI_Receive
                0x0000000008006c88      0x2a4 ./Drivers/STM32G0xx_HAL_Driver/Src/stm32g0xx_hal_spi.o
                0x0000000008006c88                HAL_SPI_Receive
 .text.HAL_SPI_TransmitReceive
                0x0000000008006f2c      0x3c4 ./Drivers/STM32G0xx_HAL_Driver/Src/stm32g0xx_hal_spi.o
                0x0000000008006f2c                HAL_SPI_TransmitReceive
 .text.SPI_WaitFlagStateUntilTimeout
                0x00000000080072f0      0x11c ./Drivers/STM32G0xx_HAL_Driver/Src/stm32g0xx_hal_spi.o
 .text.SPI_WaitFifoStateUntilTimeout
                0x000000000800740c      0x144 ./Drivers/STM32G0xx_HAL_Driver/Src/stm32g0xx_hal_spi.o
 .text.SPI_EndRxTransaction
                0x0000000008007550       0xbc ./Drivers/STM32G0xx_HAL_Driver/Src/stm32g0xx_hal_spi.o
 .text.SPI_EndRxTxTransaction
                0x000000000800760c       0x8c ./Drivers/STM32G0xx_HAL_Driver/Src/stm32g0xx_hal_spi.o
 .text.HAL_TIM_Base_Init
                0x0000000008007698       0xb0 ./Drivers/STM32G0xx_HAL_Driver/Src/stm32g0xx_hal_tim.o
                0x0000000008007698                HAL_TIM_Base_Init
 .text.HAL_TIM_Base_Start_IT
                0x0000000008007748       0xc4 ./Drivers/STM32G0xx_HAL_Driver/Src/stm32g0xx_hal_tim.o
                0x0000000008007748                HAL_TIM_Base_Start_IT
 .text.HAL_TIM_Base_Stop_IT
                0x000000000800780c       0x5c ./Drivers/STM32G0xx_HAL_Driver/Src/stm32g0xx_hal_tim.o
                0x000000000800780c                HAL_TIM_Base_Stop_IT
 .text.HAL_TIM_IRQHandler
                0x0000000008007868      0x210 ./Drivers/STM32G0xx_HAL_Driver/Src/stm32g0xx_hal_tim.o
                0x0000000008007868                HAL_TIM_IRQHandler
 .text.HAL_TIM_OC_DelayElapsedCallback
                0x0000000008007a78       0x10 ./Drivers/STM32G0xx_HAL_Driver/Src/stm32g0xx_hal_tim.o
                0x0000000008007a78                HAL_TIM_OC_DelayElapsedCallback
 .text.HAL_TIM_IC_CaptureCallback
                0x0000000008007a88       0x10 ./Drivers/STM32G0xx_HAL_Driver/Src/stm32g0xx_hal_tim.o
                0x0000000008007a88                HAL_TIM_IC_CaptureCallback
 .text.HAL_TIM_PWM_PulseFinishedCallback
                0x0000000008007a98       0x10 ./Drivers/STM32G0xx_HAL_Driver/Src/stm32g0xx_hal_tim.o
                0x0000000008007a98                HAL_TIM_PWM_PulseFinishedCallback
 .text.HAL_TIM_TriggerCallback
                0x0000000008007aa8       0x10 ./Drivers/STM32G0xx_HAL_Driver/Src/stm32g0xx_hal_tim.o
                0x0000000008007aa8                HAL_TIM_TriggerCallback
 .text.TIM_Base_SetConfig
                0x0000000008007ab8      0x130 ./Drivers/STM32G0xx_HAL_Driver/Src/stm32g0xx_hal_tim.o
                0x0000000008007ab8                TIM_Base_SetConfig
 .text.HAL_TIMEx_MasterConfigSynchronization
                0x0000000008007be8       0xec ./Drivers/STM32G0xx_HAL_Driver/Src/stm32g0xx_hal_tim_ex.o
                0x0000000008007be8                HAL_TIMEx_MasterConfigSynchronization
 .text.HAL_TIMEx_CommutCallback
                0x0000000008007cd4       0x10 ./Drivers/STM32G0xx_HAL_Driver/Src/stm32g0xx_hal_tim_ex.o
                0x0000000008007cd4                HAL_TIMEx_CommutCallback
 .text.HAL_TIMEx_BreakCallback
                0x0000000008007ce4       0x10 ./Drivers/STM32G0xx_HAL_Driver/Src/stm32g0xx_hal_tim_ex.o
                0x0000000008007ce4                HAL_TIMEx_BreakCallback
 .text.HAL_TIMEx_Break2Callback
                0x0000000008007cf4       0x10 ./Drivers/STM32G0xx_HAL_Driver/Src/stm32g0xx_hal_tim_ex.o
                0x0000000008007cf4                HAL_TIMEx_Break2Callback
 .text.HAL_UART_Init
                0x0000000008007d04       0xac ./Drivers/STM32G0xx_HAL_Driver/Src/stm32g0xx_hal_uart.o
                0x0000000008007d04                HAL_UART_Init
 .text.HAL_UART_DeInit
                0x0000000008007db0       0x80 ./Drivers/STM32G0xx_HAL_Driver/Src/stm32g0xx_hal_uart.o
                0x0000000008007db0                HAL_UART_DeInit
 .text.HAL_UART_Transmit
                0x0000000008007e30      0x148 ./Drivers/STM32G0xx_HAL_Driver/Src/stm32g0xx_hal_uart.o
                0x0000000008007e30                HAL_UART_Transmit
 .text.HAL_UART_Receive
                0x0000000008007f78      0x1cc ./Drivers/STM32G0xx_HAL_Driver/Src/stm32g0xx_hal_uart.o
                0x0000000008007f78                HAL_UART_Receive
 .text.UART_SetConfig
                0x0000000008008144      0x6ac ./Drivers/STM32G0xx_HAL_Driver/Src/stm32g0xx_hal_uart.o
                0x0000000008008144                UART_SetConfig
 .text.UART_AdvFeatureConfig
                0x00000000080087f0      0x168 ./Drivers/STM32G0xx_HAL_Driver/Src/stm32g0xx_hal_uart.o
                0x00000000080087f0                UART_AdvFeatureConfig
 .text.UART_CheckIdleState
                0x0000000008008958      0x154 ./Drivers/STM32G0xx_HAL_Driver/Src/stm32g0xx_hal_uart.o
                0x0000000008008958                UART_CheckIdleState
 .text.UART_WaitOnFlagUntilTimeout
                0x0000000008008aac       0xde ./Drivers/STM32G0xx_HAL_Driver/Src/stm32g0xx_hal_uart.o
                0x0000000008008aac                UART_WaitOnFlagUntilTimeout
 *fill*         0x0000000008008b8a        0x2 
 .text.UART_EndRxTransfer
                0x0000000008008b8c       0xcc ./Drivers/STM32G0xx_HAL_Driver/Src/stm32g0xx_hal_uart.o
 .text.HAL_UARTEx_DisableFifoMode
                0x0000000008008c58       0x74 ./Drivers/STM32G0xx_HAL_Driver/Src/stm32g0xx_hal_uart_ex.o
                0x0000000008008c58                HAL_UARTEx_DisableFifoMode
 .text.HAL_UARTEx_SetTxFifoThreshold
                0x0000000008008ccc       0x7e ./Drivers/STM32G0xx_HAL_Driver/Src/stm32g0xx_hal_uart_ex.o
                0x0000000008008ccc                HAL_UARTEx_SetTxFifoThreshold
 *fill*         0x0000000008008d4a        0x2 
 .text.HAL_UARTEx_SetRxFifoThreshold
                0x0000000008008d4c       0x84 ./Drivers/STM32G0xx_HAL_Driver/Src/stm32g0xx_hal_uart_ex.o
                0x0000000008008d4c                HAL_UARTEx_SetRxFifoThreshold
 .text.UARTEx_SetNbDataToProcess
                0x0000000008008dd0       0xbc ./Drivers/STM32G0xx_HAL_Driver/Src/stm32g0xx_hal_uart_ex.o
 .text.astronode_send_cfg_sr
                0x0000000008008e8c       0x70 ./my_drivers/Src/astronode_application.o
                0x0000000008008e8c                astronode_send_cfg_sr
 .text.astronode_send_cfg_wr
                0x0000000008008efc      0x158 ./my_drivers/Src/astronode_application.o
                0x0000000008008efc                astronode_send_cfg_wr
 .text.astronode_send_mgi_rr
                0x0000000008009054      0x154 ./my_drivers/Src/astronode_application.o
                0x0000000008009054                astronode_send_mgi_rr
 .text.astronode_send_msn_rr
                0x00000000080091a8      0x154 ./my_drivers/Src/astronode_application.o
                0x00000000080091a8                astronode_send_msn_rr
 .text.astronode_send_evt_rr
                0x00000000080092fc      0x100 ./my_drivers/Src/astronode_application.o
                0x00000000080092fc                astronode_send_evt_rr
 .text.astronode_send_geo_wr
                0x00000000080093fc      0x180 ./my_drivers/Src/astronode_application.o
                0x00000000080093fc                astronode_send_geo_wr
 .text.astronode_send_pld_er
                0x000000000800957c      0x154 ./my_drivers/Src/astronode_application.o
                0x000000000800957c                astronode_send_pld_er
 .text.astronode_send_pld_fr
                0x00000000080096d0       0x78 ./my_drivers/Src/astronode_application.o
                0x00000000080096d0                astronode_send_pld_fr
 .text.astronode_send_res_cr
                0x0000000008009748       0x80 ./my_drivers/Src/astronode_application.o
                0x0000000008009748                astronode_send_res_cr
 .text.astronode_send_rtc_rr
                0x00000000080097c8       0xc8 ./my_drivers/Src/astronode_application.o
                0x00000000080097c8                astronode_send_rtc_rr
 .text.astronode_send_sak_rr
                0x0000000008009890       0xac ./my_drivers/Src/astronode_application.o
                0x0000000008009890                astronode_send_sak_rr
 .text.astronode_send_sak_cr
                0x000000000800993c       0x80 ./my_drivers/Src/astronode_application.o
                0x000000000800993c                astronode_send_sak_cr
 .text.astronode_send_mpn_rr
                0x00000000080099bc      0x154 ./my_drivers/Src/astronode_application.o
                0x00000000080099bc                astronode_send_mpn_rr
 .text.astronode_send_cmd_cr
                0x0000000008009b10       0x80 ./my_drivers/Src/astronode_application.o
                0x0000000008009b10                astronode_send_cmd_cr
 .text.astronode_send_cmd_rr
                0x0000000008009b90      0x348 ./my_drivers/Src/astronode_application.o
                0x0000000008009b90                astronode_send_cmd_rr
 .text.is_sak_available
                0x0000000008009ed8       0x14 ./my_drivers/Src/astronode_application.o
                0x0000000008009ed8                is_sak_available
 .text.is_astronode_reset
                0x0000000008009eec       0x14 ./my_drivers/Src/astronode_application.o
                0x0000000008009eec                is_astronode_reset
 .text.is_command_available
                0x0000000008009f00       0x14 ./my_drivers/Src/astronode_application.o
                0x0000000008009f00                is_command_available
 .text.ascii_to_value
                0x0000000008009f14       0x58 ./my_drivers/Src/astronode_transport.o
 .text.astronode_create_request_transport
                0x0000000008009f6c      0x144 ./my_drivers/Src/astronode_transport.o
 .text.astronode_decode_answer_transport
                0x000000000800a0b0      0x328 ./my_drivers/Src/astronode_transport.o
 .text.astronode_transport_send_receive
                0x000000000800a3d8       0xc4 ./my_drivers/Src/astronode_transport.o
                0x000000000800a3d8                astronode_transport_send_receive
 .text.calculate_crc
                0x000000000800a49c       0x9e ./my_drivers/Src/astronode_transport.o
 *fill*         0x000000000800a53a        0x2 
 .text.check_for_error
                0x000000000800a53c      0x178 ./my_drivers/Src/astronode_transport.o
 .text.receive_astronode_answer
                0x000000000800a6b4      0x110 ./my_drivers/Src/astronode_transport.o
 .text.uint8_to_ascii_buffer
                0x000000000800a7c4       0x40 ./my_drivers/Src/astronode_transport.o
 .text.iis2dh_read_reg
                0x000000000800a804       0x52 ./my_drivers/Src/iis2dh_reg.o
                0x000000000800a804                iis2dh_read_reg
 .text.iis2dh_write_reg
                0x000000000800a856       0x52 ./my_drivers/Src/iis2dh_reg.o
                0x000000000800a856                iis2dh_write_reg
 .text.iis2dh_temperature_raw_get
                0x000000000800a8a8       0x4e ./my_drivers/Src/iis2dh_reg.o
                0x000000000800a8a8                iis2dh_temperature_raw_get
 .text.iis2dh_temperature_meas_set
                0x000000000800a8f6       0x5c ./my_drivers/Src/iis2dh_reg.o
                0x000000000800a8f6                iis2dh_temperature_meas_set
 .text.iis2dh_operating_mode_set
                0x000000000800a952       0xd2 ./my_drivers/Src/iis2dh_reg.o
                0x000000000800a952                iis2dh_operating_mode_set
 .text.iis2dh_data_rate_set
                0x000000000800aa24       0x5c ./my_drivers/Src/iis2dh_reg.o
                0x000000000800aa24                iis2dh_data_rate_set
 .text.iis2dh_full_scale_set
                0x000000000800aa80       0x60 ./my_drivers/Src/iis2dh_reg.o
                0x000000000800aa80                iis2dh_full_scale_set
 .text.iis2dh_block_data_update_set
                0x000000000800aae0       0x5c ./my_drivers/Src/iis2dh_reg.o
                0x000000000800aae0                iis2dh_block_data_update_set
 .text.iis2dh_device_id_get
                0x000000000800ab3c       0x24 ./my_drivers/Src/iis2dh_reg.o
                0x000000000800ab3c                iis2dh_device_id_get
 .text.iis2dh_int2_pin_notification_mode_set
                0x000000000800ab60       0x60 ./my_drivers/Src/iis2dh_reg.o
                0x000000000800ab60                iis2dh_int2_pin_notification_mode_set
 .text.iis2dh_int1_pin_notification_mode_set
                0x000000000800abc0       0x60 ./my_drivers/Src/iis2dh_reg.o
                0x000000000800abc0                iis2dh_int1_pin_notification_mode_set
 .text.iis2dh_fifo_mode_set
                0x000000000800ac20       0x5c ./my_drivers/Src/iis2dh_reg.o
                0x000000000800ac20                iis2dh_fifo_mode_set
 .text.my_astro_init
                0x000000000800ac7c       0x70 ./my_drivers/Src/my_astronode.o
                0x000000000800ac7c                my_astro_init
 .text.my_astro_add_payload_2_queue
                0x000000000800acec       0x50 ./my_drivers/Src/my_astronode.o
                0x000000000800acec                my_astro_add_payload_2_queue
 .text.my_astro_handle_evt
                0x000000000800ad3c       0x84 ./my_drivers/Src/my_astronode.o
                0x000000000800ad3c                my_astro_handle_evt
 .text.my_astro_write_coordinates
                0x000000000800adc0       0x1e ./my_drivers/Src/my_astronode.o
                0x000000000800adc0                my_astro_write_coordinates
 *fill*         0x000000000800adde        0x2 
 .text.my_gnss_acq_coordinates
                0x000000000800ade0      0x2dc ./my_drivers/Src/my_gnss.o
                0x000000000800ade0                my_gnss_acq_coordinates
 .text.my_rtc_get_dt
                0x000000000800b0bc       0x30 ./my_drivers/Src/my_rtc.o
                0x000000000800b0bc                my_rtc_get_dt
 .text.my_rtc_get_dt_s
                0x000000000800b0ec       0x84 ./my_drivers/Src/my_rtc.o
                0x000000000800b0ec                my_rtc_get_dt_s
 .text.my_rtc_get_ts
                0x000000000800b170       0x2a ./my_drivers/Src/my_rtc.o
                0x000000000800b170                my_rtc_get_ts
 *fill*         0x000000000800b19a        0x2 
 .text.my_rtc_set_alarm
                0x000000000800b19c      0x108 ./my_drivers/Src/my_rtc.o
                0x000000000800b19c                my_rtc_set_alarm
 .text.my_rtc_set_dt_from_nmea_rmc
                0x000000000800b2a4       0xac ./my_drivers/Src/my_rtc.o
                0x000000000800b2a4                my_rtc_set_dt_from_nmea_rmc
 .text.my_string2double_conv
                0x000000000800b350       0x28 ./my_libraries/Src/my_conversions.o
                0x000000000800b350                my_string2double_conv
 .text.my_find_char_position
                0x000000000800b378       0x86 ./my_libraries/Src/my_conversions.o
                0x000000000800b378                my_find_char_position
 *fill*         0x000000000800b3fe        0x2 
 .text.my_conv_rtc2timestamp
                0x000000000800b400       0xe8 ./my_libraries/Src/my_conversions.o
                0x000000000800b400                my_conv_rtc2timestamp
 .text.my_conv_timestamp2rtc
                0x000000000800b4e8      0x148 ./my_libraries/Src/my_conversions.o
                0x000000000800b4e8                my_conv_timestamp2rtc
 .text.my_conv_is_leap_year
                0x000000000800b630       0x3c ./my_libraries/Src/my_conversions.o
                0x000000000800b630                my_conv_is_leap_year
 .text.my_conv_dt_2_dts
                0x000000000800b66c       0x50 ./my_libraries/Src/my_conversions.o
                0x000000000800b66c                my_conv_dt_2_dts
 .text.my_conv_string_2_uint32_t
                0x000000000800b6bc       0x20 ./my_libraries/Src/my_conversions.o
                0x000000000800b6bc                my_conv_string_2_uint32_t
 .text.my_nmea_message
                0x000000000800b6dc       0xd8 ./my_libraries/Src/my_nmea.o
                0x000000000800b6dc                my_nmea_message
 .text.get_my_nmea_gngsa_fixed_mode_s
                0x000000000800b7b4       0x16 ./my_libraries/Src/my_nmea.o
                0x000000000800b7b4                get_my_nmea_gngsa_fixed_mode_s
 .text.get_my_nmea_gngsa_pdop_d
                0x000000000800b7ca       0x92 ./my_libraries/Src/my_nmea.o
                0x000000000800b7ca                get_my_nmea_gngsa_pdop_d
 .text.is_my_nmea_checksum_ok
                0x000000000800b85c       0x96 ./my_libraries/Src/my_nmea.o
                0x000000000800b85c                is_my_nmea_checksum_ok
 *fill*         0x000000000800b8f2        0x2 
 .text.nmea2decimal
                0x000000000800b8f4       0xe0 ./my_libraries/Src/my_nmea.o
                0x000000000800b8f4                nmea2decimal
 .text.my_nmea_get_gngll_coordinates
                0x000000000800b9d4      0x1d4 ./my_libraries/Src/my_nmea.o
                0x000000000800b9d4                my_nmea_get_gngll_coordinates
 .text.my_nmea_get_gsv_tns
                0x000000000800bba8       0x70 ./my_libraries/Src/my_nmea.o
                0x000000000800bba8                my_nmea_get_gsv_tns
 .text.my_nmea_get_rmc_date_yy
                0x000000000800bc18       0x74 ./my_libraries/Src/my_nmea.o
                0x000000000800bc18                my_nmea_get_rmc_date_yy
 .text.my_nmea_get_rmc_date_mm
                0x000000000800bc8c       0x74 ./my_libraries/Src/my_nmea.o
                0x000000000800bc8c                my_nmea_get_rmc_date_mm
 .text.my_nmea_get_rmc_date_dd
                0x000000000800bd00       0x74 ./my_libraries/Src/my_nmea.o
                0x000000000800bd00                my_nmea_get_rmc_date_dd
 .text.my_nmea_get_rmc_utc_hh
                0x000000000800bd74       0x74 ./my_libraries/Src/my_nmea.o
                0x000000000800bd74                my_nmea_get_rmc_utc_hh
 .text.my_nmea_get_rmc_utc_mm
                0x000000000800bde8       0x74 ./my_libraries/Src/my_nmea.o
                0x000000000800bde8                my_nmea_get_rmc_utc_mm
 .text.my_nmea_get_rmc_utc_ss
                0x000000000800be5c       0x74 ./my_libraries/Src/my_nmea.o
                0x000000000800be5c                my_nmea_get_rmc_utc_ss
 .text.my_nmea_get_rmc_utc_sss
                0x000000000800bed0       0x68 ./my_libraries/Src/my_nmea.o
                0x000000000800bed0                my_nmea_get_rmc_utc_sss
 .text.my_tracker_api_is_cmd
                0x000000000800bf38       0xd4 ./my_libraries/Src/my_tracker_api.o
                0x000000000800bf38                my_tracker_api_is_cmd
 .text.my_tracker_api_parse_cmd
                0x000000000800c00c       0x88 ./my_libraries/Src/my_tracker_api.o
                0x000000000800c00c                my_tracker_api_parse_cmd
 .text.malloc   0x000000000800c094       0x14 C:/ST/STM32CubeIDE_1.14.1/STM32CubeIDE/plugins/com.st.stm32cube.ide.mcu.externaltools.gnu-tools-for-stm32.11.3.rel1.win32_1.1.100.202309141235/tools/bin/../lib/gcc/arm-none-eabi/11.3.1/../../../../arm-none-eabi/lib/thumb/v6-m/nofp\libc.a(libc_a-malloc.o)
                0x000000000800c094                malloc
 .text.free     0x000000000800c0a8       0x14 C:/ST/STM32CubeIDE_1.14.1/STM32CubeIDE/plugins/com.st.stm32cube.ide.mcu.externaltools.gnu-tools-for-stm32.11.3.rel1.win32_1.1.100.202309141235/tools/bin/../lib/gcc/arm-none-eabi/11.3.1/../../../../arm-none-eabi/lib/thumb/v6-m/nofp\libc.a(libc_a-malloc.o)
                0x000000000800c0a8                free
 .text._malloc_r
                0x000000000800c0bc      0x428 C:/ST/STM32CubeIDE_1.14.1/STM32CubeIDE/plugins/com.st.stm32cube.ide.mcu.externaltools.gnu-tools-for-stm32.11.3.rel1.win32_1.1.100.202309141235/tools/bin/../lib/gcc/arm-none-eabi/11.3.1/../../../../arm-none-eabi/lib/thumb/v6-m/nofp\libc.a(libc_a-mallocr.o)
                0x000000000800c0bc                _malloc_r
 .text.__malloc_lock
                0x000000000800c4e4       0x10 C:/ST/STM32CubeIDE_1.14.1/STM32CubeIDE/plugins/com.st.stm32cube.ide.mcu.externaltools.gnu-tools-for-stm32.11.3.rel1.win32_1.1.100.202309141235/tools/bin/../lib/gcc/arm-none-eabi/11.3.1/../../../../arm-none-eabi/lib/thumb/v6-m/nofp\libc.a(libc_a-mlock.o)
                0x000000000800c4e4                __malloc_lock
 .text.__malloc_unlock
                0x000000000800c4f4       0x10 C:/ST/STM32CubeIDE_1.14.1/STM32CubeIDE/plugins/com.st.stm32cube.ide.mcu.externaltools.gnu-tools-for-stm32.11.3.rel1.win32_1.1.100.202309141235/tools/bin/../lib/gcc/arm-none-eabi/11.3.1/../../../../arm-none-eabi/lib/thumb/v6-m/nofp\libc.a(libc_a-mlock.o)
                0x000000000800c4f4                __malloc_unlock
 .text.sulp     0x000000000800c504       0x30 C:/ST/STM32CubeIDE_1.14.1/STM32CubeIDE/plugins/com.st.stm32cube.ide.mcu.externaltools.gnu-tools-for-stm32.11.3.rel1.win32_1.1.100.202309141235/tools/bin/../lib/gcc/arm-none-eabi/11.3.1/../../../../arm-none-eabi/lib/thumb/v6-m/nofp\libc.a(libc_a-strtod.o)
 .text._strtod_l
                0x000000000800c534      0xc14 C:/ST/STM32CubeIDE_1.14.1/STM32CubeIDE/plugins/com.st.stm32cube.ide.mcu.externaltools.gnu-tools-for-stm32.11.3.rel1.win32_1.1.100.202309141235/tools/bin/../lib/gcc/arm-none-eabi/11.3.1/../../../../arm-none-eabi/lib/thumb/v6-m/nofp\libc.a(libc_a-strtod.o)
                0x000000000800c534                _strtod_l
 .text._strtod_r
                0x000000000800d148       0x10 C:/ST/STM32CubeIDE_1.14.1/STM32CubeIDE/plugins/com.st.stm32cube.ide.mcu.externaltools.gnu-tools-for-stm32.11.3.rel1.win32_1.1.100.202309141235/tools/bin/../lib/gcc/arm-none-eabi/11.3.1/../../../../arm-none-eabi/lib/thumb/v6-m/nofp\libc.a(libc_a-strtod.o)
                0x000000000800d148                _strtod_r
 .text.strtod   0x000000000800d158       0x1c C:/ST/STM32CubeIDE_1.14.1/STM32CubeIDE/plugins/com.st.stm32cube.ide.mcu.externaltools.gnu-tools-for-stm32.11.3.rel1.win32_1.1.100.202309141235/tools/bin/../lib/gcc/arm-none-eabi/11.3.1/../../../../arm-none-eabi/lib/thumb/v6-m/nofp\libc.a(libc_a-strtod.o)
                0x000000000800d158                strtod
 .text._strtol_l.constprop.0
                0x000000000800d174      0x10c C:/ST/STM32CubeIDE_1.14.1/STM32CubeIDE/plugins/com.st.stm32cube.ide.mcu.externaltools.gnu-tools-for-stm32.11.3.rel1.win32_1.1.100.202309141235/tools/bin/../lib/gcc/arm-none-eabi/11.3.1/../../../../arm-none-eabi/lib/thumb/v6-m/nofp\libc.a(libc_a-strtol.o)
 .text._strtol_r
                0x000000000800d280        0x8 C:/ST/STM32CubeIDE_1.14.1/STM32CubeIDE/plugins/com.st.stm32cube.ide.mcu.externaltools.gnu-tools-for-stm32.11.3.rel1.win32_1.1.100.202309141235/tools/bin/../lib/gcc/arm-none-eabi/11.3.1/../../../../arm-none-eabi/lib/thumb/v6-m/nofp\libc.a(libc_a-strtol.o)
                0x000000000800d280                _strtol_r
 .text.strtol   0x000000000800d288       0x18 C:/ST/STM32CubeIDE_1.14.1/STM32CubeIDE/plugins/com.st.stm32cube.ide.mcu.externaltools.gnu-tools-for-stm32.11.3.rel1.win32_1.1.100.202309141235/tools/bin/../lib/gcc/arm-none-eabi/11.3.1/../../../../arm-none-eabi/lib/thumb/v6-m/nofp\libc.a(libc_a-strtol.o)
                0x000000000800d288                strtol
 .text._strtoul_l.constprop.0
                0x000000000800d2a0      0x104 C:/ST/STM32CubeIDE_1.14.1/STM32CubeIDE/plugins/com.st.stm32cube.ide.mcu.externaltools.gnu-tools-for-stm32.11.3.rel1.win32_1.1.100.202309141235/tools/bin/../lib/gcc/arm-none-eabi/11.3.1/../../../../arm-none-eabi/lib/thumb/v6-m/nofp\libc.a(libc_a-strtoul.o)
 .text._strtoul_r
                0x000000000800d3a4        0x8 C:/ST/STM32CubeIDE_1.14.1/STM32CubeIDE/plugins/com.st.stm32cube.ide.mcu.externaltools.gnu-tools-for-stm32.11.3.rel1.win32_1.1.100.202309141235/tools/bin/../lib/gcc/arm-none-eabi/11.3.1/../../../../arm-none-eabi/lib/thumb/v6-m/nofp\libc.a(libc_a-strtoul.o)
                0x000000000800d3a4                _strtoul_r
 .text.strtoul  0x000000000800d3ac       0x18 C:/ST/STM32CubeIDE_1.14.1/STM32CubeIDE/plugins/com.st.stm32cube.ide.mcu.externaltools.gnu-tools-for-stm32.11.3.rel1.win32_1.1.100.202309141235/tools/bin/../lib/gcc/arm-none-eabi/11.3.1/../../../../arm-none-eabi/lib/thumb/v6-m/nofp\libc.a(libc_a-strtoul.o)
                0x000000000800d3ac                strtoul
 .text.std      0x000000000800d3c4       0x6c C:/ST/STM32CubeIDE_1.14.1/STM32CubeIDE/plugins/com.st.stm32cube.ide.mcu.externaltools.gnu-tools-for-stm32.11.3.rel1.win32_1.1.100.202309141235/tools/bin/../lib/gcc/arm-none-eabi/11.3.1/../../../../arm-none-eabi/lib/thumb/v6-m/nofp\libc.a(libc_a-findfp.o)
 .text.stdio_exit_handler
                0x000000000800d430       0x1c C:/ST/STM32CubeIDE_1.14.1/STM32CubeIDE/plugins/com.st.stm32cube.ide.mcu.externaltools.gnu-tools-for-stm32.11.3.rel1.win32_1.1.100.202309141235/tools/bin/../lib/gcc/arm-none-eabi/11.3.1/../../../../arm-none-eabi/lib/thumb/v6-m/nofp\libc.a(libc_a-findfp.o)
 .text.cleanup_stdio
                0x000000000800d44c       0x3c C:/ST/STM32CubeIDE_1.14.1/STM32CubeIDE/plugins/com.st.stm32cube.ide.mcu.externaltools.gnu-tools-for-stm32.11.3.rel1.win32_1.1.100.202309141235/tools/bin/../lib/gcc/arm-none-eabi/11.3.1/../../../../arm-none-eabi/lib/thumb/v6-m/nofp\libc.a(libc_a-findfp.o)
 .text.global_stdio_init.part.0
                0x000000000800d488       0x3c C:/ST/STM32CubeIDE_1.14.1/STM32CubeIDE/plugins/com.st.stm32cube.ide.mcu.externaltools.gnu-tools-for-stm32.11.3.rel1.win32_1.1.100.202309141235/tools/bin/../lib/gcc/arm-none-eabi/11.3.1/../../../../arm-none-eabi/lib/thumb/v6-m/nofp\libc.a(libc_a-findfp.o)
 .text.__sfp_lock_acquire
                0x000000000800d4c4       0x10 C:/ST/STM32CubeIDE_1.14.1/STM32CubeIDE/plugins/com.st.stm32cube.ide.mcu.externaltools.gnu-tools-for-stm32.11.3.rel1.win32_1.1.100.202309141235/tools/bin/../lib/gcc/arm-none-eabi/11.3.1/../../../../arm-none-eabi/lib/thumb/v6-m/nofp\libc.a(libc_a-findfp.o)
                0x000000000800d4c4                __sfp_lock_acquire
 .text.__sfp_lock_release
                0x000000000800d4d4       0x10 C:/ST/STM32CubeIDE_1.14.1/STM32CubeIDE/plugins/com.st.stm32cube.ide.mcu.externaltools.gnu-tools-for-stm32.11.3.rel1.win32_1.1.100.202309141235/tools/bin/../lib/gcc/arm-none-eabi/11.3.1/../../../../arm-none-eabi/lib/thumb/v6-m/nofp\libc.a(libc_a-findfp.o)
                0x000000000800d4d4                __sfp_lock_release
 .text.__sinit  0x000000000800d4e4       0x30 C:/ST/STM32CubeIDE_1.14.1/STM32CubeIDE/plugins/com.st.stm32cube.ide.mcu.externaltools.gnu-tools-for-stm32.11.3.rel1.win32_1.1.100.202309141235/tools/bin/../lib/gcc/arm-none-eabi/11.3.1/../../../../arm-none-eabi/lib/thumb/v6-m/nofp\libc.a(libc_a-findfp.o)
                0x000000000800d4e4                __sinit
 .text._fwalk_sglue
                0x000000000800d514       0x38 C:/ST/STM32CubeIDE_1.14.1/STM32CubeIDE/plugins/com.st.stm32cube.ide.mcu.externaltools.gnu-tools-for-stm32.11.3.rel1.win32_1.1.100.202309141235/tools/bin/../lib/gcc/arm-none-eabi/11.3.1/../../../../arm-none-eabi/lib/thumb/v6-m/nofp\libc.a(libc_a-fwalk.o)
                0x000000000800d514                _fwalk_sglue
 .text.snprintf
                0x000000000800d54c       0x68 C:/ST/STM32CubeIDE_1.14.1/STM32CubeIDE/plugins/com.st.stm32cube.ide.mcu.externaltools.gnu-tools-for-stm32.11.3.rel1.win32_1.1.100.202309141235/tools/bin/../lib/gcc/arm-none-eabi/11.3.1/../../../../arm-none-eabi/lib/thumb/v6-m/nofp\libc.a(libc_a-snprintf.o)
                0x000000000800d54c                snprintf
 .text.sprintf  0x000000000800d5b4       0x40 C:/ST/STM32CubeIDE_1.14.1/STM32CubeIDE/plugins/com.st.stm32cube.ide.mcu.externaltools.gnu-tools-for-stm32.11.3.rel1.win32_1.1.100.202309141235/tools/bin/../lib/gcc/arm-none-eabi/11.3.1/../../../../arm-none-eabi/lib/thumb/v6-m/nofp\libc.a(libc_a-sprintf.o)
                0x000000000800d5b4                sprintf
 .text.sscanf   0x000000000800d5f4       0x50 C:/ST/STM32CubeIDE_1.14.1/STM32CubeIDE/plugins/com.st.stm32cube.ide.mcu.externaltools.gnu-tools-for-stm32.11.3.rel1.win32_1.1.100.202309141235/tools/bin/../lib/gcc/arm-none-eabi/11.3.1/../../../../arm-none-eabi/lib/thumb/v6-m/nofp\libc.a(libc_a-sscanf.o)
                0x000000000800d5f4                sscanf
 .text.__sread  0x000000000800d644       0x28 C:/ST/STM32CubeIDE_1.14.1/STM32CubeIDE/plugins/com.st.stm32cube.ide.mcu.externaltools.gnu-tools-for-stm32.11.3.rel1.win32_1.1.100.202309141235/tools/bin/../lib/gcc/arm-none-eabi/11.3.1/../../../../arm-none-eabi/lib/thumb/v6-m/nofp\libc.a(libc_a-stdio.o)
                0x000000000800d644                __sread
 .text.__seofread
                0x000000000800d66c        0x4 C:/ST/STM32CubeIDE_1.14.1/STM32CubeIDE/plugins/com.st.stm32cube.ide.mcu.externaltools.gnu-tools-for-stm32.11.3.rel1.win32_1.1.100.202309141235/tools/bin/../lib/gcc/arm-none-eabi/11.3.1/../../../../arm-none-eabi/lib/thumb/v6-m/nofp\libc.a(libc_a-stdio.o)
                0x000000000800d66c                __seofread
 .text.__swrite
                0x000000000800d670       0x38 C:/ST/STM32CubeIDE_1.14.1/STM32CubeIDE/plugins/com.st.stm32cube.ide.mcu.externaltools.gnu-tools-for-stm32.11.3.rel1.win32_1.1.100.202309141235/tools/bin/../lib/gcc/arm-none-eabi/11.3.1/../../../../arm-none-eabi/lib/thumb/v6-m/nofp\libc.a(libc_a-stdio.o)
                0x000000000800d670                __swrite
 .text.__sseek  0x000000000800d6a8       0x2c C:/ST/STM32CubeIDE_1.14.1/STM32CubeIDE/plugins/com.st.stm32cube.ide.mcu.externaltools.gnu-tools-for-stm32.11.3.rel1.win32_1.1.100.202309141235/tools/bin/../lib/gcc/arm-none-eabi/11.3.1/../../../../arm-none-eabi/lib/thumb/v6-m/nofp\libc.a(libc_a-stdio.o)
                0x000000000800d6a8                __sseek
 .text.__sclose
                0x000000000800d6d4        0xc C:/ST/STM32CubeIDE_1.14.1/STM32CubeIDE/plugins/com.st.stm32cube.ide.mcu.externaltools.gnu-tools-for-stm32.11.3.rel1.win32_1.1.100.202309141235/tools/bin/../lib/gcc/arm-none-eabi/11.3.1/../../../../arm-none-eabi/lib/thumb/v6-m/nofp\libc.a(libc_a-stdio.o)
                0x000000000800d6d4                __sclose
 .text.memset   0x000000000800d6e0       0x10 C:/ST/STM32CubeIDE_1.14.1/STM32CubeIDE/plugins/com.st.stm32cube.ide.mcu.externaltools.gnu-tools-for-stm32.11.3.rel1.win32_1.1.100.202309141235/tools/bin/../lib/gcc/arm-none-eabi/11.3.1/../../../../arm-none-eabi/lib/thumb/v6-m/nofp\libc.a(libc_a-memset.o)
                0x000000000800d6e0                memset
 .text.strchr   0x000000000800d6f0       0x1c C:/ST/STM32CubeIDE_1.14.1/STM32CubeIDE/plugins/com.st.stm32cube.ide.mcu.externaltools.gnu-tools-for-stm32.11.3.rel1.win32_1.1.100.202309141235/tools/bin/../lib/gcc/arm-none-eabi/11.3.1/../../../../arm-none-eabi/lib/thumb/v6-m/nofp\libc.a(libc_a-strchr.o)
                0x000000000800d6f0                strchr
 .text.strncmp  0x000000000800d70c       0x22 C:/ST/STM32CubeIDE_1.14.1/STM32CubeIDE/plugins/com.st.stm32cube.ide.mcu.externaltools.gnu-tools-for-stm32.11.3.rel1.win32_1.1.100.202309141235/tools/bin/../lib/gcc/arm-none-eabi/11.3.1/../../../../arm-none-eabi/lib/thumb/v6-m/nofp\libc.a(libc_a-strncmp.o)
                0x000000000800d70c                strncmp
 .text.strncpy  0x000000000800d72e       0x28 C:/ST/STM32CubeIDE_1.14.1/STM32CubeIDE/plugins/com.st.stm32cube.ide.mcu.externaltools.gnu-tools-for-stm32.11.3.rel1.win32_1.1.100.202309141235/tools/bin/../lib/gcc/arm-none-eabi/11.3.1/../../../../arm-none-eabi/lib/thumb/v6-m/nofp\libc.a(libc_a-strncpy.o)
                0x000000000800d72e                strncpy
 *fill*         0x000000000800d756        0x2 
 .text.strtok   0x000000000800d758       0x14 C:/ST/STM32CubeIDE_1.14.1/STM32CubeIDE/plugins/com.st.stm32cube.ide.mcu.externaltools.gnu-tools-for-stm32.11.3.rel1.win32_1.1.100.202309141235/tools/bin/../lib/gcc/arm-none-eabi/11.3.1/../../../../arm-none-eabi/lib/thumb/v6-m/nofp\libc.a(libc_a-strtok.o)
                0x000000000800d758                strtok
 .text.__strtok_r
                0x000000000800d76c       0x5e C:/ST/STM32CubeIDE_1.14.1/STM32CubeIDE/plugins/com.st.stm32cube.ide.mcu.externaltools.gnu-tools-for-stm32.11.3.rel1.win32_1.1.100.202309141235/tools/bin/../lib/gcc/arm-none-eabi/11.3.1/../../../../arm-none-eabi/lib/thumb/v6-m/nofp\libc.a(libc_a-strtok_r.o)
                0x000000000800d76c                __strtok_r
 .text.strstr   0x000000000800d7ca       0x2c C:/ST/STM32CubeIDE_1.14.1/STM32CubeIDE/plugins/com.st.stm32cube.ide.mcu.externaltools.gnu-tools-for-stm32.11.3.rel1.win32_1.1.100.202309141235/tools/bin/../lib/gcc/arm-none-eabi/11.3.1/../../../../arm-none-eabi/lib/thumb/v6-m/nofp\libc.a(libc_a-strstr.o)
                0x000000000800d7ca                strstr
 *fill*         0x000000000800d7f6        0x2 
 .text.__locale_mb_cur_max
                0x000000000800d7f8       0x10 C:/ST/STM32CubeIDE_1.14.1/STM32CubeIDE/plugins/com.st.stm32cube.ide.mcu.externaltools.gnu-tools-for-stm32.11.3.rel1.win32_1.1.100.202309141235/tools/bin/../lib/gcc/arm-none-eabi/11.3.1/../../../../arm-none-eabi/lib/thumb/v6-m/nofp\libc.a(libc_a-locale.o)
                0x000000000800d7f8                __locale_mb_cur_max
 .text._close_r
                0x000000000800d808       0x24 C:/ST/STM32CubeIDE_1.14.1/STM32CubeIDE/plugins/com.st.stm32cube.ide.mcu.externaltools.gnu-tools-for-stm32.11.3.rel1.win32_1.1.100.202309141235/tools/bin/../lib/gcc/arm-none-eabi/11.3.1/../../../../arm-none-eabi/lib/thumb/v6-m/nofp\libc.a(libc_a-closer.o)
                0x000000000800d808                _close_r
 .text._lseek_r
                0x000000000800d82c       0x28 C:/ST/STM32CubeIDE_1.14.1/STM32CubeIDE/plugins/com.st.stm32cube.ide.mcu.externaltools.gnu-tools-for-stm32.11.3.rel1.win32_1.1.100.202309141235/tools/bin/../lib/gcc/arm-none-eabi/11.3.1/../../../../arm-none-eabi/lib/thumb/v6-m/nofp\libc.a(libc_a-lseekr.o)
                0x000000000800d82c                _lseek_r
 .text._read_r  0x000000000800d854       0x28 C:/ST/STM32CubeIDE_1.14.1/STM32CubeIDE/plugins/com.st.stm32cube.ide.mcu.externaltools.gnu-tools-for-stm32.11.3.rel1.win32_1.1.100.202309141235/tools/bin/../lib/gcc/arm-none-eabi/11.3.1/../../../../arm-none-eabi/lib/thumb/v6-m/nofp\libc.a(libc_a-readr.o)
                0x000000000800d854                _read_r
 .text._sbrk_r  0x000000000800d87c       0x24 C:/ST/STM32CubeIDE_1.14.1/STM32CubeIDE/plugins/com.st.stm32cube.ide.mcu.externaltools.gnu-tools-for-stm32.11.3.rel1.win32_1.1.100.202309141235/tools/bin/../lib/gcc/arm-none-eabi/11.3.1/../../../../arm-none-eabi/lib/thumb/v6-m/nofp\libc.a(libc_a-sbrkr.o)
                0x000000000800d87c                _sbrk_r
 .text._write_r
                0x000000000800d8a0       0x28 C:/ST/STM32CubeIDE_1.14.1/STM32CubeIDE/plugins/com.st.stm32cube.ide.mcu.externaltools.gnu-tools-for-stm32.11.3.rel1.win32_1.1.100.202309141235/tools/bin/../lib/gcc/arm-none-eabi/11.3.1/../../../../arm-none-eabi/lib/thumb/v6-m/nofp\libc.a(libc_a-writer.o)
                0x000000000800d8a0                _write_r
 .text.__errno  0x000000000800d8c8        0xc C:/ST/STM32CubeIDE_1.14.1/STM32CubeIDE/plugins/com.st.stm32cube.ide.mcu.externaltools.gnu-tools-for-stm32.11.3.rel1.win32_1.1.100.202309141235/tools/bin/../lib/gcc/arm-none-eabi/11.3.1/../../../../arm-none-eabi/lib/thumb/v6-m/nofp\libc.a(libc_a-errno.o)
                0x000000000800d8c8                __errno
 .text.__libc_init_array
                0x000000000800d8d4       0x48 C:/ST/STM32CubeIDE_1.14.1/STM32CubeIDE/plugins/com.st.stm32cube.ide.mcu.externaltools.gnu-tools-for-stm32.11.3.rel1.win32_1.1.100.202309141235/tools/bin/../lib/gcc/arm-none-eabi/11.3.1/../../../../arm-none-eabi/lib/thumb/v6-m/nofp\libc.a(libc_a-init.o)
                0x000000000800d8d4                __libc_init_array
 .text.__retarget_lock_init_recursive
                0x000000000800d91c        0x2 C:/ST/STM32CubeIDE_1.14.1/STM32CubeIDE/plugins/com.st.stm32cube.ide.mcu.externaltools.gnu-tools-for-stm32.11.3.rel1.win32_1.1.100.202309141235/tools/bin/../lib/gcc/arm-none-eabi/11.3.1/../../../../arm-none-eabi/lib/thumb/v6-m/nofp\libc.a(libc_a-lock.o)
                0x000000000800d91c                __retarget_lock_init_recursive
 .text.__retarget_lock_close_recursive
                0x000000000800d91e        0x2 C:/ST/STM32CubeIDE_1.14.1/STM32CubeIDE/plugins/com.st.stm32cube.ide.mcu.externaltools.gnu-tools-for-stm32.11.3.rel1.win32_1.1.100.202309141235/tools/bin/../lib/gcc/arm-none-eabi/11.3.1/../../../../arm-none-eabi/lib/thumb/v6-m/nofp\libc.a(libc_a-lock.o)
                0x000000000800d91e                __retarget_lock_close_recursive
 .text.__retarget_lock_acquire_recursive
                0x000000000800d920        0x2 C:/ST/STM32CubeIDE_1.14.1/STM32CubeIDE/plugins/com.st.stm32cube.ide.mcu.externaltools.gnu-tools-for-stm32.11.3.rel1.win32_1.1.100.202309141235/tools/bin/../lib/gcc/arm-none-eabi/11.3.1/../../../../arm-none-eabi/lib/thumb/v6-m/nofp\libc.a(libc_a-lock.o)
                0x000000000800d920                __retarget_lock_acquire_recursive
 .text.__retarget_lock_release_recursive
                0x000000000800d922        0x2 C:/ST/STM32CubeIDE_1.14.1/STM32CubeIDE/plugins/com.st.stm32cube.ide.mcu.externaltools.gnu-tools-for-stm32.11.3.rel1.win32_1.1.100.202309141235/tools/bin/../lib/gcc/arm-none-eabi/11.3.1/../../../../arm-none-eabi/lib/thumb/v6-m/nofp\libc.a(libc_a-lock.o)
                0x000000000800d922                __retarget_lock_release_recursive
 .text.sysconf  0x000000000800d924       0x16 C:/ST/STM32CubeIDE_1.14.1/STM32CubeIDE/plugins/com.st.stm32cube.ide.mcu.externaltools.gnu-tools-for-stm32.11.3.rel1.win32_1.1.100.202309141235/tools/bin/../lib/gcc/arm-none-eabi/11.3.1/../../../../arm-none-eabi/lib/thumb/v6-m/nofp\libc.a(libc_a-sysconf.o)
                0x000000000800d924                sysconf
 .text.memcpy   0x000000000800d93a       0x12 C:/ST/STM32CubeIDE_1.14.1/STM32CubeIDE/plugins/com.st.stm32cube.ide.mcu.externaltools.gnu-tools-for-stm32.11.3.rel1.win32_1.1.100.202309141235/tools/bin/../lib/gcc/arm-none-eabi/11.3.1/../../../../arm-none-eabi/lib/thumb/v6-m/nofp\libc.a(libc_a-memcpy-stub.o)
                0x000000000800d93a                memcpy
 .text.nan      0x000000000800d94c        0xc C:/ST/STM32CubeIDE_1.14.1/STM32CubeIDE/plugins/com.st.stm32cube.ide.mcu.externaltools.gnu-tools-for-stm32.11.3.rel1.win32_1.1.100.202309141235/tools/bin/../lib/gcc/arm-none-eabi/11.3.1/../../../../arm-none-eabi/lib/thumb/v6-m/nofp\libc.a(libm_a-s_nan.o)
                0x000000000800d94c                nan
 .text.nanf     0x000000000800d958        0x8 C:/ST/STM32CubeIDE_1.14.1/STM32CubeIDE/plugins/com.st.stm32cube.ide.mcu.externaltools.gnu-tools-for-stm32.11.3.rel1.win32_1.1.100.202309141235/tools/bin/../lib/gcc/arm-none-eabi/11.3.1/../../../../arm-none-eabi/lib/thumb/v6-m/nofp\libc.a(libm_a-sf_nan.o)
                0x000000000800d958                nanf
 .text.startup.register_fini
                0x000000000800d960       0x18 C:/ST/STM32CubeIDE_1.14.1/STM32CubeIDE/plugins/com.st.stm32cube.ide.mcu.externaltools.gnu-tools-for-stm32.11.3.rel1.win32_1.1.100.202309141235/tools/bin/../lib/gcc/arm-none-eabi/11.3.1/../../../../arm-none-eabi/lib/thumb/v6-m/nofp\libc.a(libc_a-__call_atexit.o)
 .text.atexit   0x000000000800d978       0x10 C:/ST/STM32CubeIDE_1.14.1/STM32CubeIDE/plugins/com.st.stm32cube.ide.mcu.externaltools.gnu-tools-for-stm32.11.3.rel1.win32_1.1.100.202309141235/tools/bin/../lib/gcc/arm-none-eabi/11.3.1/../../../../arm-none-eabi/lib/thumb/v6-m/nofp\libc.a(libc_a-atexit.o)
                0x000000000800d978                atexit
 .text._malloc_trim_r
                0x000000000800d988       0xa8 C:/ST/STM32CubeIDE_1.14.1/STM32CubeIDE/plugins/com.st.stm32cube.ide.mcu.externaltools.gnu-tools-for-stm32.11.3.rel1.win32_1.1.100.202309141235/tools/bin/../lib/gcc/arm-none-eabi/11.3.1/../../../../arm-none-eabi/lib/thumb/v6-m/nofp\libc.a(libc_a-freer.o)
                0x000000000800d988                _malloc_trim_r
 .text._free_r  0x000000000800da30      0x164 C:/ST/STM32CubeIDE_1.14.1/STM32CubeIDE/plugins/com.st.stm32cube.ide.mcu.externaltools.gnu-tools-for-stm32.11.3.rel1.win32_1.1.100.202309141235/tools/bin/../lib/gcc/arm-none-eabi/11.3.1/../../../../arm-none-eabi/lib/thumb/v6-m/nofp\libc.a(libc_a-freer.o)
                0x000000000800da30                _free_r
 .text.rshift   0x000000000800db94       0xaa C:/ST/STM32CubeIDE_1.14.1/STM32CubeIDE/plugins/com.st.stm32cube.ide.mcu.externaltools.gnu-tools-for-stm32.11.3.rel1.win32_1.1.100.202309141235/tools/bin/../lib/gcc/arm-none-eabi/11.3.1/../../../../arm-none-eabi/lib/thumb/v6-m/nofp\libc.a(libc_a-gdtoa-gethex.o)
 .text.__hexdig_fun
                0x000000000800dc3e       0x2a C:/ST/STM32CubeIDE_1.14.1/STM32CubeIDE/plugins/com.st.stm32cube.ide.mcu.externaltools.gnu-tools-for-stm32.11.3.rel1.win32_1.1.100.202309141235/tools/bin/../lib/gcc/arm-none-eabi/11.3.1/../../../../arm-none-eabi/lib/thumb/v6-m/nofp\libc.a(libc_a-gdtoa-gethex.o)
                0x000000000800dc3e                __hexdig_fun
 .text.__gethex
                0x000000000800dc68      0x448 C:/ST/STM32CubeIDE_1.14.1/STM32CubeIDE/plugins/com.st.stm32cube.ide.mcu.externaltools.gnu-tools-for-stm32.11.3.rel1.win32_1.1.100.202309141235/tools/bin/../lib/gcc/arm-none-eabi/11.3.1/../../../../arm-none-eabi/lib/thumb/v6-m/nofp\libc.a(libc_a-gdtoa-gethex.o)
                0x000000000800dc68                __gethex
 .text.L_shift  0x000000000800e0b0       0x24 C:/ST/STM32CubeIDE_1.14.1/STM32CubeIDE/plugins/com.st.stm32cube.ide.mcu.externaltools.gnu-tools-for-stm32.11.3.rel1.win32_1.1.100.202309141235/tools/bin/../lib/gcc/arm-none-eabi/11.3.1/../../../../arm-none-eabi/lib/thumb/v6-m/nofp\libc.a(libc_a-gdtoa-hexnan.o)
 .text.__match  0x000000000800e0d4       0x28 C:/ST/STM32CubeIDE_1.14.1/STM32CubeIDE/plugins/com.st.stm32cube.ide.mcu.externaltools.gnu-tools-for-stm32.11.3.rel1.win32_1.1.100.202309141235/tools/bin/../lib/gcc/arm-none-eabi/11.3.1/../../../../arm-none-eabi/lib/thumb/v6-m/nofp\libc.a(libc_a-gdtoa-hexnan.o)
                0x000000000800e0d4                __match
 .text.__hexnan
                0x000000000800e0fc      0x150 C:/ST/STM32CubeIDE_1.14.1/STM32CubeIDE/plugins/com.st.stm32cube.ide.mcu.externaltools.gnu-tools-for-stm32.11.3.rel1.win32_1.1.100.202309141235/tools/bin/../lib/gcc/arm-none-eabi/11.3.1/../../../../arm-none-eabi/lib/thumb/v6-m/nofp\libc.a(libc_a-gdtoa-hexnan.o)
                0x000000000800e0fc                __hexnan
 .text.__ascii_mbtowc
                0x000000000800e24c       0x24 C:/ST/STM32CubeIDE_1.14.1/STM32CubeIDE/plugins/com.st.stm32cube.ide.mcu.externaltools.gnu-tools-for-stm32.11.3.rel1.win32_1.1.100.202309141235/tools/bin/../lib/gcc/arm-none-eabi/11.3.1/../../../../arm-none-eabi/lib/thumb/v6-m/nofp\libc.a(libc_a-mbtowc_r.o)
                0x000000000800e24c                __ascii_mbtowc
 .text._Balloc  0x000000000800e270       0x50 C:/ST/STM32CubeIDE_1.14.1/STM32CubeIDE/plugins/com.st.stm32cube.ide.mcu.externaltools.gnu-tools-for-stm32.11.3.rel1.win32_1.1.100.202309141235/tools/bin/../lib/gcc/arm-none-eabi/11.3.1/../../../../arm-none-eabi/lib/thumb/v6-m/nofp\libc.a(libc_a-mprec.o)
                0x000000000800e270                _Balloc
 .text._Bfree   0x000000000800e2c0       0x14 C:/ST/STM32CubeIDE_1.14.1/STM32CubeIDE/plugins/com.st.stm32cube.ide.mcu.externaltools.gnu-tools-for-stm32.11.3.rel1.win32_1.1.100.202309141235/tools/bin/../lib/gcc/arm-none-eabi/11.3.1/../../../../arm-none-eabi/lib/thumb/v6-m/nofp\libc.a(libc_a-mprec.o)
                0x000000000800e2c0                _Bfree
 .text.__multadd
                0x000000000800e2d4       0x88 C:/ST/STM32CubeIDE_1.14.1/STM32CubeIDE/plugins/com.st.stm32cube.ide.mcu.externaltools.gnu-tools-for-stm32.11.3.rel1.win32_1.1.100.202309141235/tools/bin/../lib/gcc/arm-none-eabi/11.3.1/../../../../arm-none-eabi/lib/thumb/v6-m/nofp\libc.a(libc_a-mprec.o)
                0x000000000800e2d4                __multadd
 .text.__s2b    0x000000000800e35c       0x98 C:/ST/STM32CubeIDE_1.14.1/STM32CubeIDE/plugins/com.st.stm32cube.ide.mcu.externaltools.gnu-tools-for-stm32.11.3.rel1.win32_1.1.100.202309141235/tools/bin/../lib/gcc/arm-none-eabi/11.3.1/../../../../arm-none-eabi/lib/thumb/v6-m/nofp\libc.a(libc_a-mprec.o)
                0x000000000800e35c                __s2b
 .text.__hi0bits
                0x000000000800e3f4       0x34 C:/ST/STM32CubeIDE_1.14.1/STM32CubeIDE/plugins/com.st.stm32cube.ide.mcu.externaltools.gnu-tools-for-stm32.11.3.rel1.win32_1.1.100.202309141235/tools/bin/../lib/gcc/arm-none-eabi/11.3.1/../../../../arm-none-eabi/lib/thumb/v6-m/nofp\libc.a(libc_a-mprec.o)
                0x000000000800e3f4                __hi0bits
 .text.__lo0bits
                0x000000000800e428       0x5c C:/ST/STM32CubeIDE_1.14.1/STM32CubeIDE/plugins/com.st.stm32cube.ide.mcu.externaltools.gnu-tools-for-stm32.11.3.rel1.win32_1.1.100.202309141235/tools/bin/../lib/gcc/arm-none-eabi/11.3.1/../../../../arm-none-eabi/lib/thumb/v6-m/nofp\libc.a(libc_a-mprec.o)
                0x000000000800e428                __lo0bits
 .text.__i2b    0x000000000800e484       0x30 C:/ST/STM32CubeIDE_1.14.1/STM32CubeIDE/plugins/com.st.stm32cube.ide.mcu.externaltools.gnu-tools-for-stm32.11.3.rel1.win32_1.1.100.202309141235/tools/bin/../lib/gcc/arm-none-eabi/11.3.1/../../../../arm-none-eabi/lib/thumb/v6-m/nofp\libc.a(libc_a-mprec.o)
                0x000000000800e484                __i2b
 .text.__multiply
                0x000000000800e4b4      0x160 C:/ST/STM32CubeIDE_1.14.1/STM32CubeIDE/plugins/com.st.stm32cube.ide.mcu.externaltools.gnu-tools-for-stm32.11.3.rel1.win32_1.1.100.202309141235/tools/bin/../lib/gcc/arm-none-eabi/11.3.1/../../../../arm-none-eabi/lib/thumb/v6-m/nofp\libc.a(libc_a-mprec.o)
                0x000000000800e4b4                __multiply
 .text.__pow5mult
                0x000000000800e614       0x84 C:/ST/STM32CubeIDE_1.14.1/STM32CubeIDE/plugins/com.st.stm32cube.ide.mcu.externaltools.gnu-tools-for-stm32.11.3.rel1.win32_1.1.100.202309141235/tools/bin/../lib/gcc/arm-none-eabi/11.3.1/../../../../arm-none-eabi/lib/thumb/v6-m/nofp\libc.a(libc_a-mprec.o)
                0x000000000800e614                __pow5mult
 .text.__lshift
                0x000000000800e698       0xdc C:/ST/STM32CubeIDE_1.14.1/STM32CubeIDE/plugins/com.st.stm32cube.ide.mcu.externaltools.gnu-tools-for-stm32.11.3.rel1.win32_1.1.100.202309141235/tools/bin/../lib/gcc/arm-none-eabi/11.3.1/../../../../arm-none-eabi/lib/thumb/v6-m/nofp\libc.a(libc_a-mprec.o)
                0x000000000800e698                __lshift
 .text.__mcmp   0x000000000800e774       0x38 C:/ST/STM32CubeIDE_1.14.1/STM32CubeIDE/plugins/com.st.stm32cube.ide.mcu.externaltools.gnu-tools-for-stm32.11.3.rel1.win32_1.1.100.202309141235/tools/bin/../lib/gcc/arm-none-eabi/11.3.1/../../../../arm-none-eabi/lib/thumb/v6-m/nofp\libc.a(libc_a-mprec.o)
                0x000000000800e774                __mcmp
 .text.__mdiff  0x000000000800e7ac      0x130 C:/ST/STM32CubeIDE_1.14.1/STM32CubeIDE/plugins/com.st.stm32cube.ide.mcu.externaltools.gnu-tools-for-stm32.11.3.rel1.win32_1.1.100.202309141235/tools/bin/../lib/gcc/arm-none-eabi/11.3.1/../../../../arm-none-eabi/lib/thumb/v6-m/nofp\libc.a(libc_a-mprec.o)
                0x000000000800e7ac                __mdiff
 .text.__ulp    0x000000000800e8dc       0x38 C:/ST/STM32CubeIDE_1.14.1/STM32CubeIDE/plugins/com.st.stm32cube.ide.mcu.externaltools.gnu-tools-for-stm32.11.3.rel1.win32_1.1.100.202309141235/tools/bin/../lib/gcc/arm-none-eabi/11.3.1/../../../../arm-none-eabi/lib/thumb/v6-m/nofp\libc.a(libc_a-mprec.o)
                0x000000000800e8dc                __ulp
 .text.__b2d    0x000000000800e914       0x98 C:/ST/STM32CubeIDE_1.14.1/STM32CubeIDE/plugins/com.st.stm32cube.ide.mcu.externaltools.gnu-tools-for-stm32.11.3.rel1.win32_1.1.100.202309141235/tools/bin/../lib/gcc/arm-none-eabi/11.3.1/../../../../arm-none-eabi/lib/thumb/v6-m/nofp\libc.a(libc_a-mprec.o)
                0x000000000800e914                __b2d
 .text.__d2b    0x000000000800e9ac       0xc0 C:/ST/STM32CubeIDE_1.14.1/STM32CubeIDE/plugins/com.st.stm32cube.ide.mcu.externaltools.gnu-tools-for-stm32.11.3.rel1.win32_1.1.100.202309141235/tools/bin/../lib/gcc/arm-none-eabi/11.3.1/../../../../arm-none-eabi/lib/thumb/v6-m/nofp\libc.a(libc_a-mprec.o)
                0x000000000800e9ac                __d2b
 .text.__ratio  0x000000000800ea6c       0x52 C:/ST/STM32CubeIDE_1.14.1/STM32CubeIDE/plugins/com.st.stm32cube.ide.mcu.externaltools.gnu-tools-for-stm32.11.3.rel1.win32_1.1.100.202309141235/tools/bin/../lib/gcc/arm-none-eabi/11.3.1/../../../../arm-none-eabi/lib/thumb/v6-m/nofp\libc.a(libc_a-mprec.o)
                0x000000000800ea6c                __ratio
 .text.__copybits
                0x000000000800eabe       0x42 C:/ST/STM32CubeIDE_1.14.1/STM32CubeIDE/plugins/com.st.stm32cube.ide.mcu.externaltools.gnu-tools-for-stm32.11.3.rel1.win32_1.1.100.202309141235/tools/bin/../lib/gcc/arm-none-eabi/11.3.1/../../../../arm-none-eabi/lib/thumb/v6-m/nofp\libc.a(libc_a-mprec.o)
                0x000000000800eabe                __copybits
 .text.__any_on
                0x000000000800eb00       0x46 C:/ST/STM32CubeIDE_1.14.1/STM32CubeIDE/plugins/com.st.stm32cube.ide.mcu.externaltools.gnu-tools-for-stm32.11.3.rel1.win32_1.1.100.202309141235/tools/bin/../lib/gcc/arm-none-eabi/11.3.1/../../../../arm-none-eabi/lib/thumb/v6-m/nofp\libc.a(libc_a-mprec.o)
                0x000000000800eb00                __any_on
 .text.__ascii_wctomb
                0x000000000800eb46       0x1a C:/ST/STM32CubeIDE_1.14.1/STM32CubeIDE/plugins/com.st.stm32cube.ide.mcu.externaltools.gnu-tools-for-stm32.11.3.rel1.win32_1.1.100.202309141235/tools/bin/../lib/gcc/arm-none-eabi/11.3.1/../../../../arm-none-eabi/lib/thumb/v6-m/nofp\libc.a(libc_a-wctomb_r.o)
                0x000000000800eb46                __ascii_wctomb
 .text._svfprintf_r
                0x000000000800eb60     0x1484 C:/ST/STM32CubeIDE_1.14.1/STM32CubeIDE/plugins/com.st.stm32cube.ide.mcu.externaltools.gnu-tools-for-stm32.11.3.rel1.win32_1.1.100.202309141235/tools/bin/../lib/gcc/arm-none-eabi/11.3.1/../../../../arm-none-eabi/lib/thumb/v6-m/nofp\libc.a(libc_a-svfprintf.o)
                0x000000000800eb60                _svfprintf_r
 .text.__ssvfscanf_r
                0x000000000800ffe4     0x1438 C:/ST/STM32CubeIDE_1.14.1/STM32CubeIDE/plugins/com.st.stm32cube.ide.mcu.externaltools.gnu-tools-for-stm32.11.3.rel1.win32_1.1.100.202309141235/tools/bin/../lib/gcc/arm-none-eabi/11.3.1/../../../../arm-none-eabi/lib/thumb/v6-m/nofp\libc.a(libc_a-svfscanf.o)
                0x000000000800ffe4                __ssvfscanf_r
 .text._fclose_r
                0x000000000801141c       0xbe C:/ST/STM32CubeIDE_1.14.1/STM32CubeIDE/plugins/com.st.stm32cube.ide.mcu.externaltools.gnu-tools-for-stm32.11.3.rel1.win32_1.1.100.202309141235/tools/bin/../lib/gcc/arm-none-eabi/11.3.1/../../../../arm-none-eabi/lib/thumb/v6-m/nofp\libc.a(libc_a-fclose.o)
                0x000000000801141c                _fclose_r
 *fill*         0x00000000080114da        0x2 
 .text.__sflush_r
                0x00000000080114dc      0x12c C:/ST/STM32CubeIDE_1.14.1/STM32CubeIDE/plugins/com.st.stm32cube.ide.mcu.externaltools.gnu-tools-for-stm32.11.3.rel1.win32_1.1.100.202309141235/tools/bin/../lib/gcc/arm-none-eabi/11.3.1/../../../../arm-none-eabi/lib/thumb/v6-m/nofp\libc.a(libc_a-fflush.o)
                0x00000000080114dc                __sflush_r
 .text._fflush_r
                0x0000000008011608       0x4c C:/ST/STM32CubeIDE_1.14.1/STM32CubeIDE/plugins/com.st.stm32cube.ide.mcu.externaltools.gnu-tools-for-stm32.11.3.rel1.win32_1.1.100.202309141235/tools/bin/../lib/gcc/arm-none-eabi/11.3.1/../../../../arm-none-eabi/lib/thumb/v6-m/nofp\libc.a(libc_a-fflush.o)
                0x0000000008011608                _fflush_r
 .text.__sccl   0x0000000008011654       0x78 C:/ST/STM32CubeIDE_1.14.1/STM32CubeIDE/plugins/com.st.stm32cube.ide.mcu.externaltools.gnu-tools-for-stm32.11.3.rel1.win32_1.1.100.202309141235/tools/bin/../lib/gcc/arm-none-eabi/11.3.1/../../../../arm-none-eabi/lib/thumb/v6-m/nofp\libc.a(libc_a-sccl.o)
                0x0000000008011654                __sccl
 .text._localeconv_r
                0x00000000080116cc        0x8 C:/ST/STM32CubeIDE_1.14.1/STM32CubeIDE/plugins/com.st.stm32cube.ide.mcu.externaltools.gnu-tools-for-stm32.11.3.rel1.win32_1.1.100.202309141235/tools/bin/../lib/gcc/arm-none-eabi/11.3.1/../../../../arm-none-eabi/lib/thumb/v6-m/nofp\libc.a(libc_a-localeconv.o)
                0x00000000080116cc                _localeconv_r
 .text.__libc_fini_array
                0x00000000080116d4       0x28 C:/ST/STM32CubeIDE_1.14.1/STM32CubeIDE/plugins/com.st.stm32cube.ide.mcu.externaltools.gnu-tools-for-stm32.11.3.rel1.win32_1.1.100.202309141235/tools/bin/../lib/gcc/arm-none-eabi/11.3.1/../../../../arm-none-eabi/lib/thumb/v6-m/nofp\libc.a(libc_a-fini.o)
                0x00000000080116d4                __libc_fini_array
 .text.memchr   0x00000000080116fc       0x16 C:/ST/STM32CubeIDE_1.14.1/STM32CubeIDE/plugins/com.st.stm32cube.ide.mcu.externaltools.gnu-tools-for-stm32.11.3.rel1.win32_1.1.100.202309141235/tools/bin/../lib/gcc/arm-none-eabi/11.3.1/../../../../arm-none-eabi/lib/thumb/v6-m/nofp\libc.a(libc_a-memchr-stub.o)
                0x00000000080116fc                memchr
 *fill*         0x0000000008011712        0x2 
 .text.frexp    0x0000000008011714       0x64 C:/ST/STM32CubeIDE_1.14.1/STM32CubeIDE/plugins/com.st.stm32cube.ide.mcu.externaltools.gnu-tools-for-stm32.11.3.rel1.win32_1.1.100.202309141235/tools/bin/../lib/gcc/arm-none-eabi/11.3.1/../../../../arm-none-eabi/lib/thumb/v6-m/nofp\libc.a(libm_a-s_frexp.o)
                0x0000000008011714                frexp
 .text.__register_exitproc
                0x0000000008011778       0x80 C:/ST/STM32CubeIDE_1.14.1/STM32CubeIDE/plugins/com.st.stm32cube.ide.mcu.externaltools.gnu-tools-for-stm32.11.3.rel1.win32_1.1.100.202309141235/tools/bin/../lib/gcc/arm-none-eabi/11.3.1/../../../../arm-none-eabi/lib/thumb/v6-m/nofp\libc.a(libc_a-__atexit.o)
                0x0000000008011778                __register_exitproc
 .text.__assert_func
                0x00000000080117f8       0x3c C:/ST/STM32CubeIDE_1.14.1/STM32CubeIDE/plugins/com.st.stm32cube.ide.mcu.externaltools.gnu-tools-for-stm32.11.3.rel1.win32_1.1.100.202309141235/tools/bin/../lib/gcc/arm-none-eabi/11.3.1/../../../../arm-none-eabi/lib/thumb/v6-m/nofp\libc.a(libc_a-assert.o)
                0x00000000080117f8                __assert_func
 .text._calloc_r
                0x0000000008011834       0x9c C:/ST/STM32CubeIDE_1.14.1/STM32CubeIDE/plugins/com.st.stm32cube.ide.mcu.externaltools.gnu-tools-for-stm32.11.3.rel1.win32_1.1.100.202309141235/tools/bin/../lib/gcc/arm-none-eabi/11.3.1/../../../../arm-none-eabi/lib/thumb/v6-m/nofp\libc.a(libc_a-callocr.o)
                0x0000000008011834                _calloc_r
 .text.quorem   0x00000000080118d0      0x11e C:/ST/STM32CubeIDE_1.14.1/STM32CubeIDE/plugins/com.st.stm32cube.ide.mcu.externaltools.gnu-tools-for-stm32.11.3.rel1.win32_1.1.100.202309141235/tools/bin/../lib/gcc/arm-none-eabi/11.3.1/../../../../arm-none-eabi/lib/thumb/v6-m/nofp\libc.a(libc_a-dtoa.o)
 *fill*         0x00000000080119ee        0x2 
 .text._dtoa_r  0x00000000080119f0      0xbe8 C:/ST/STM32CubeIDE_1.14.1/STM32CubeIDE/plugins/com.st.stm32cube.ide.mcu.externaltools.gnu-tools-for-stm32.11.3.rel1.win32_1.1.100.202309141235/tools/bin/../lib/gcc/arm-none-eabi/11.3.1/../../../../arm-none-eabi/lib/thumb/v6-m/nofp\libc.a(libc_a-dtoa.o)
                0x00000000080119f0                _dtoa_r
 .text.realloc  0x00000000080125d8       0x14 C:/ST/STM32CubeIDE_1.14.1/STM32CubeIDE/plugins/com.st.stm32cube.ide.mcu.externaltools.gnu-tools-for-stm32.11.3.rel1.win32_1.1.100.202309141235/tools/bin/../lib/gcc/arm-none-eabi/11.3.1/../../../../arm-none-eabi/lib/thumb/v6-m/nofp\libc.a(libc_a-realloc.o)
                0x00000000080125d8                realloc
 .text._realloc_r