../Core/Src/main.c:120:5:main	24	static
../Core/Src/main.c:247:6:SystemClock_Config	96	static
../Core/Src/main.c:294:13:MX_RTC_Init	72	static
../Core/Src/main.c:379:13:MX_SPI1_Init	8	static
../Core/Src/main.c:419:13:MX_TIM6_Init	24	static
../Core/Src/main.c:457:13:MX_USART1_UART_Init	8	static
../Core/Src/main.c:505:13:MX_USART2_UART_Init	8	static
../Core/Src/main.c:553:13:MX_USART3_UART_Init	8	static
../Core/Src/main.c:601:13:MX_USART5_UART_Init	8	static
../Core/Src/main.c:637:13:MX_GPIO_Init	56	static
../Core/Src/main.c:731:6:send_debug_logs	24	static
../Core/Src/main.c:745:6:is_system_initialized	24	static
../Core/Src/main.c:754:6:my_ldg_sw_on	8	static
../Core/Src/main.c:758:6:my_ldb_sw_on	8	static
../Core/Src/main.c:762:6:my_ldg_sw_off	8	static
../Core/Src/main.c:766:6:my_ldb_sw_off	8	static
../Core/Src/main.c:770:6:my_ldg_blink	16	static
../Core/Src/main.c:781:6:my_ldb_blink	16	static
../Core/Src/main.c:794:6:my_ant_sw_pos	16	static
../Core/Src/main.c:810:6:my_gnss_sw_on	8	static
../Core/Src/main.c:817:6:my_gnss_sw_off	8	static
../Core/Src/main.c:825:6:my_gnss_receive_byte	16	static
../Core/Src/main.c:831:6:is_fix3d	24	static
../Core/Src/main.c:841:6:my_gnss_verbose	16	static
../Core/Src/main.c:852:6:my_astronode_reset	8	static
../Core/Src/main.c:859:6:send_astronode_request	16	static
../Core/Src/main.c:865:10:get_systick	8	static
../Core/Src/main.c:869:6:is_systick_timeout_over	16	static
../Core/Src/main.c:873:6:is_astronode_character_received	16	static
../Core/Src/main.c:877:6:my_astro_evt_pin	8	static
../Core/Src/main.c:883:6:my_tim_init	8	static
../Core/Src/main.c:888:6:my_tim_start	8	static
../Core/Src/main.c:894:6:my_tim_stop	8	static
../Core/Src/main.c:903:6:HAL_TIM_PeriodElapsedCallback	32	static
../Core/Src/main.c:919:6:HAL_RTC_AlarmAEventCallback	16	static
../Core/Src/main.c:931:6:Error_Handler	8	static,ignoring_inline_asm
