../Core/Src/main.c:81:5:main	8	static
../Core/Src/main.c:131:6:SystemClock_Config	96	static
../Core/Src/main.c:178:13:MX_RTC_Init	72	static
../Core/Src/main.c:263:13:MX_SPI1_Init	8	static
../Core/Src/main.c:303:13:MX_TIM6_Init	24	static
../Core/Src/main.c:341:13:MX_USART1_UART_Init	8	static
../Core/Src/main.c:389:13:MX_USART2_UART_Init	8	static
../Core/Src/main.c:437:13:MX_USART3_UART_Init	8	static
../Core/Src/main.c:485:13:MX_USART5_UART_Init	8	static
../Core/Src/main.c:521:13:MX_GPIO_Init	48	static
../Core/Src/main.c:579:6:Error_Handler	8	static,ignoring_inline_asm
