../Core/Src/main.c:121:5:main	48	static
../Core/Src/main.c:290:6:SystemClock_Config	96	static
../Core/Src/main.c:337:13:MX_RTC_Init	72	static
../Core/Src/main.c:422:13:MX_SPI1_Init	8	static
../Core/Src/main.c:462:13:MX_TIM6_Init	24	static
../Core/Src/main.c:500:13:MX_USART1_UART_Init	8	static
../Core/Src/main.c:548:13:MX_USART2_UART_Init	8	static
../Core/Src/main.c:596:13:MX_USART3_UART_Init	8	static
../Core/Src/main.c:644:13:MX_USART5_UART_Init	8	static
../Core/Src/main.c:680:13:MX_GPIO_Init	56	static
../Core/Src/main.c:774:6:send_debug_logs	24	static
../Core/Src/main.c:788:6:is_system_initialized	24	static
../Core/Src/main.c:797:6:my_ldg_sw_on	8	static
../Core/Src/main.c:801:6:my_ldb_sw_on	8	static
../Core/Src/main.c:805:6:my_ldg_sw_off	8	static
../Core/Src/main.c:809:6:my_ldb_sw_off	8	static
../Core/Src/main.c:813:6:my_ldg_blink	16	static
../Core/Src/main.c:824:6:my_ldb_blink	16	static
../Core/Src/main.c:837:6:my_ant_sw_pos	16	static
../Core/Src/main.c:853:6:my_gnss_sw_on	8	static
../Core/Src/main.c:860:6:my_gnss_sw_off	8	static
../Core/Src/main.c:868:6:my_gnss_receive_byte	16	static
../Core/Src/main.c:874:6:is_fix3d	24	static
../Core/Src/main.c:884:6:my_gnss_verbose	16	static
../Core/Src/main.c:895:6:my_astronode_reset	8	static
../Core/Src/main.c:902:6:send_astronode_request	16	static
../Core/Src/main.c:908:10:get_systick	8	static
../Core/Src/main.c:912:6:is_systick_timeout_over	16	static
../Core/Src/main.c:916:6:is_astronode_character_received	16	static
../Core/Src/main.c:920:6:my_astro_evt_pin	8	static
../Core/Src/main.c:926:6:my_tim_init	8	static
../Core/Src/main.c:931:6:my_tim_start	8	static
../Core/Src/main.c:937:6:my_tim_stop	8	static
../Core/Src/main.c:946:6:HAL_TIM_PeriodElapsedCallback	32	static
../Core/Src/main.c:962:6:HAL_RTC_AlarmAEventCallback	16	static
../Core/Src/main.c:974:6:Error_Handler	8	static,ignoring_inline_asm
