../Core/Src/main.c:88:5:main	16	static
../Core/Src/main.c:140:6:SystemClock_Config	96	static
../Core/Src/main.c:187:13:MX_RTC_Init	72	static
../Core/Src/main.c:272:13:MX_SPI1_Init	8	static
../Core/Src/main.c:312:13:MX_TIM6_Init	24	static
../Core/Src/main.c:350:13:MX_USART1_UART_Init	8	static
../Core/Src/main.c:398:13:MX_USART2_UART_Init	8	static
../Core/Src/main.c:446:13:MX_USART3_UART_Init	8	static
../Core/Src/main.c:494:13:MX_USART5_UART_Init	8	static
../Core/Src/main.c:530:13:MX_GPIO_Init	56	static
../Core/Src/main.c:621:6:sw_on_ldg	8	static
../Core/Src/main.c:625:6:sw_on_ldb	8	static
../Core/Src/main.c:629:6:sw_off_ldg	8	static
../Core/Src/main.c:633:6:sw_off_ldb	8	static
../Core/Src/main.c:637:6:blink_ldg	16	static
../Core/Src/main.c:648:6:blink_ldb	16	static
../Core/Src/main.c:666:6:Error_Handler	8	static,ignoring_inline_asm
