../Core/Src/main.c:107:5:main	8	static
../Core/Src/main.c:167:6:SystemClock_Config	96	static
../Core/Src/main.c:214:13:MX_RTC_Init	72	static
../Core/Src/main.c:299:13:MX_SPI1_Init	8	static
../Core/Src/main.c:339:13:MX_TIM6_Init	24	static
../Core/Src/main.c:377:13:MX_USART1_UART_Init	8	static
../Core/Src/main.c:425:13:MX_USART2_UART_Init	8	static
../Core/Src/main.c:473:13:MX_USART3_UART_Init	8	static
../Core/Src/main.c:521:13:MX_USART5_UART_Init	8	static
../Core/Src/main.c:557:13:MX_GPIO_Init	56	static
../Core/Src/main.c:651:6:send_debug_logs	24	static
../Core/Src/main.c:665:6:is_system_initialized	24	static
../Core/Src/main.c:674:6:my_ldg_sw_on	8	static
../Core/Src/main.c:678:6:my_ldb_sw_on	8	static
../Core/Src/main.c:682:6:my_ldg_sw_off	8	static
../Core/Src/main.c:686:6:my_ldb_sw_off	8	static
../Core/Src/main.c:690:6:my_ldg_blink	16	static
../Core/Src/main.c:701:6:my_ldb_blink	16	static
../Core/Src/main.c:714:6:my_ant_sw_pos	16	static
../Core/Src/main.c:730:6:my_gnss_sw_on	8	static
../Core/Src/main.c:737:6:my_gnss_sw_off	8	static
../Core/Src/main.c:745:6:my_gnss_receive_byte	16	static
../Core/Src/main.c:754:6:reset_astronode	8	static
../Core/Src/main.c:761:6:send_astronode_request	16	static
../Core/Src/main.c:767:10:get_systick	8	static
../Core/Src/main.c:771:6:is_systick_timeout_over	16	static
../Core/Src/main.c:775:6:is_astronode_character_received	16	static
../Core/Src/main.c:787:6:Error_Handler	8	static,ignoring_inline_asm
