../Core/Src/main.c:117:5:main	8	static
../Core/Src/main.c:187:6:SystemClock_Config	96	static
../Core/Src/main.c:234:13:MX_RTC_Init	72	static
../Core/Src/main.c:319:13:MX_SPI1_Init	8	static
../Core/Src/main.c:359:13:MX_TIM6_Init	24	static
../Core/Src/main.c:397:13:MX_USART1_UART_Init	8	static
../Core/Src/main.c:445:13:MX_USART2_UART_Init	8	static
../Core/Src/main.c:493:13:MX_USART3_UART_Init	8	static
../Core/Src/main.c:541:13:MX_USART5_UART_Init	8	static
../Core/Src/main.c:577:13:MX_GPIO_Init	56	static
../Core/Src/main.c:671:6:send_debug_logs	24	static
../Core/Src/main.c:685:6:is_system_initialized	24	static
../Core/Src/main.c:694:6:my_ldg_sw_on	8	static
../Core/Src/main.c:698:6:my_ldb_sw_on	8	static
../Core/Src/main.c:702:6:my_ldg_sw_off	8	static
../Core/Src/main.c:706:6:my_ldb_sw_off	8	static
../Core/Src/main.c:710:6:my_ldg_blink	16	static
../Core/Src/main.c:721:6:my_ldb_blink	16	static
../Core/Src/main.c:734:6:my_ant_sw_pos	16	static
../Core/Src/main.c:750:6:my_gnss_sw_on	8	static
../Core/Src/main.c:757:6:my_gnss_sw_off	8	static
../Core/Src/main.c:765:6:my_gnss_receive_byte	16	static
../Core/Src/main.c:771:6:is_fix3d	24	static
../Core/Src/main.c:781:6:my_gnss_verbose	16	static
../Core/Src/main.c:792:6:reset_astronode	8	static
../Core/Src/main.c:799:6:send_astronode_request	16	static
../Core/Src/main.c:805:10:get_systick	8	static
../Core/Src/main.c:809:6:is_systick_timeout_over	16	static
../Core/Src/main.c:813:6:is_astronode_character_received	16	static
../Core/Src/main.c:819:6:my_tim_init	8	static
../Core/Src/main.c:824:6:my_tim_start	8	static
../Core/Src/main.c:830:6:my_tim_stop	8	static
../Core/Src/main.c:840:6:HAL_TIM_PeriodElapsedCallback	16	static
../Core/Src/main.c:858:6:Error_Handler	8	static,ignoring_inline_asm
