../Core/Src/main.c:82:5:main	16	static
../Core/Src/main.c:135:6:SystemClock_Config	96	static
../Core/Src/main.c:182:13:MX_RTC_Init	72	static
../Core/Src/main.c:267:13:MX_SPI1_Init	8	static
../Core/Src/main.c:307:13:MX_TIM6_Init	24	static
../Core/Src/main.c:345:13:MX_USART1_UART_Init	8	static
../Core/Src/main.c:393:13:MX_USART2_UART_Init	8	static
../Core/Src/main.c:441:13:MX_USART3_UART_Init	8	static
../Core/Src/main.c:489:13:MX_USART5_UART_Init	8	static
../Core/Src/main.c:525:13:MX_GPIO_Init	56	static
../Core/Src/main.c:612:6:Error_Handler	8	static,ignoring_inline_asm
