../Core/Src/main.c:132:5:main	72	static
../Core/Src/main.c:311:6:SystemClock_Config	96	static
../Core/Src/main.c:358:13:MX_RTC_Init	72	static
../Core/Src/main.c:443:13:MX_SPI1_Init	8	static
../Core/Src/main.c:483:13:MX_TIM6_Init	24	static
../Core/Src/main.c:521:13:MX_USART1_UART_Init	8	static
../Core/Src/main.c:569:13:MX_USART2_UART_Init	8	static
../Core/Src/main.c:617:13:MX_USART3_UART_Init	8	static
../Core/Src/main.c:665:13:MX_USART5_UART_Init	8	static
../Core/Src/main.c:701:13:MX_GPIO_Init	56	static
../Core/Src/main.c:799:6:send_debug_logs	24	static
../Core/Src/main.c:813:6:my_sys_init	8	static
../Core/Src/main.c:846:6:is_system_initialized	24	static
../Core/Src/main.c:855:6:my_ldg_sw_on	8	static
../Core/Src/main.c:859:6:my_ldb_sw_on	8	static
../Core/Src/main.c:863:6:my_ldg_sw_off	8	static
../Core/Src/main.c:867:6:my_ldb_sw_off	8	static
../Core/Src/main.c:871:6:my_ldg_blink	16	static
../Core/Src/main.c:882:6:my_ldb_blink	16	static
../Core/Src/main.c:895:6:my_ant_sw_pos	16	static
../Core/Src/main.c:911:6:my_gnss_sw_on	8	static
../Core/Src/main.c:918:6:my_gnss_sw_off	8	static
../Core/Src/main.c:928:6:my_gnss_receive_byte	16	static
../Core/Src/main.c:934:6:is_fix3d	24	static
../Core/Src/main.c:944:6:my_gnss_verbose	16	static
../Core/Src/main.c:955:6:my_astronode_reset	8	static
../Core/Src/main.c:962:6:send_astronode_request	16	static
../Core/Src/main.c:968:10:get_systick	8	static
../Core/Src/main.c:972:6:is_systick_timeout_over	16	static
../Core/Src/main.c:976:6:is_astronode_character_received	16	static
../Core/Src/main.c:980:6:my_astro_evt_pin	8	static
../Core/Src/main.c:986:6:my_tim_init	8	static
../Core/Src/main.c:991:6:my_tim_start	8	static
../Core/Src/main.c:997:6:my_tim_stop	8	static
../Core/Src/main.c:1006:6:HAL_TIM_PeriodElapsedCallback	32	static
../Core/Src/main.c:1022:6:HAL_RTC_AlarmAEventCallback	16	static
../Core/Src/main.c:1030:6:HAL_GPIO_EXTI_Rising_Callback	16	static
../Core/Src/main.c:1040:6:Error_Handler	8	static,ignoring_inline_asm
