../Core/Src/main.c:119:5:main	24	static
../Core/Src/main.c:209:6:SystemClock_Config	96	static
../Core/Src/main.c:256:13:MX_RTC_Init	72	static
../Core/Src/main.c:341:13:MX_SPI1_Init	8	static
../Core/Src/main.c:381:13:MX_TIM6_Init	24	static
../Core/Src/main.c:419:13:MX_USART1_UART_Init	8	static
../Core/Src/main.c:467:13:MX_USART2_UART_Init	8	static
../Core/Src/main.c:515:13:MX_USART3_UART_Init	8	static
../Core/Src/main.c:563:13:MX_USART5_UART_Init	8	static
../Core/Src/main.c:599:13:MX_GPIO_Init	56	static
../Core/Src/main.c:693:6:send_debug_logs	24	static
../Core/Src/main.c:707:6:is_system_initialized	24	static
../Core/Src/main.c:716:6:my_ldg_sw_on	8	static
../Core/Src/main.c:720:6:my_ldb_sw_on	8	static
../Core/Src/main.c:724:6:my_ldg_sw_off	8	static
../Core/Src/main.c:728:6:my_ldb_sw_off	8	static
../Core/Src/main.c:732:6:my_ldg_blink	16	static
../Core/Src/main.c:743:6:my_ldb_blink	16	static
../Core/Src/main.c:756:6:my_ant_sw_pos	16	static
../Core/Src/main.c:772:6:my_gnss_sw_on	8	static
../Core/Src/main.c:779:6:my_gnss_sw_off	8	static
../Core/Src/main.c:787:6:my_gnss_receive_byte	16	static
../Core/Src/main.c:793:6:is_fix3d	24	static
../Core/Src/main.c:803:6:my_gnss_verbose	16	static
../Core/Src/main.c:814:6:my_astronode_reset	8	static
../Core/Src/main.c:821:6:send_astronode_request	16	static
../Core/Src/main.c:827:10:get_systick	8	static
../Core/Src/main.c:831:6:is_systick_timeout_over	16	static
../Core/Src/main.c:835:6:is_astronode_character_received	16	static
../Core/Src/main.c:839:6:my_astro_evt_pin	8	static
../Core/Src/main.c:845:6:my_tim_init	8	static
../Core/Src/main.c:850:6:my_tim_start	8	static
../Core/Src/main.c:856:6:my_tim_stop	8	static
../Core/Src/main.c:866:6:HAL_TIM_PeriodElapsedCallback	16	static
../Core/Src/main.c:885:6:Error_Handler	8	static,ignoring_inline_asm
