../Core/Src/main.c:115:5:main	8	static
../Core/Src/main.c:180:6:SystemClock_Config	96	static
../Core/Src/main.c:227:13:MX_RTC_Init	72	static
../Core/Src/main.c:312:13:MX_SPI1_Init	8	static
../Core/Src/main.c:352:13:MX_TIM6_Init	24	static
../Core/Src/main.c:390:13:MX_USART1_UART_Init	8	static
../Core/Src/main.c:438:13:MX_USART2_UART_Init	8	static
../Core/Src/main.c:486:13:MX_USART3_UART_Init	8	static
../Core/Src/main.c:534:13:MX_USART5_UART_Init	8	static
../Core/Src/main.c:570:13:MX_GPIO_Init	56	static
../Core/Src/main.c:664:6:send_debug_logs	24	static
../Core/Src/main.c:678:6:is_system_initialized	24	static
../Core/Src/main.c:687:6:my_ldg_sw_on	8	static
../Core/Src/main.c:691:6:my_ldb_sw_on	8	static
../Core/Src/main.c:695:6:my_ldg_sw_off	8	static
../Core/Src/main.c:699:6:my_ldb_sw_off	8	static
../Core/Src/main.c:703:6:my_ldg_blink	16	static
../Core/Src/main.c:714:6:my_ldb_blink	16	static
../Core/Src/main.c:727:6:my_ant_sw_pos	16	static
../Core/Src/main.c:743:6:my_gnss_sw_on	8	static
../Core/Src/main.c:750:6:my_gnss_sw_off	8	static
../Core/Src/main.c:758:6:my_gnss_receive_byte	16	static
../Core/Src/main.c:767:6:reset_astronode	8	static
../Core/Src/main.c:774:6:send_astronode_request	16	static
../Core/Src/main.c:780:10:get_systick	8	static
../Core/Src/main.c:784:6:is_systick_timeout_over	16	static
../Core/Src/main.c:788:6:is_astronode_character_received	16	static
../Core/Src/main.c:794:6:my_tim_init	8	static
../Core/Src/main.c:799:6:my_tim_start	8	static
../Core/Src/main.c:805:6:my_tim_stop	8	static
../Core/Src/main.c:815:6:HAL_TIM_PeriodElapsedCallback	40	static
../Core/Src/main.c:834:6:Error_Handler	8	static,ignoring_inline_asm
