../Core/Src/main.c:156:5:main	56	static
../Core/Src/main.c:290:6:SystemClock_Config	96	static
../Core/Src/main.c:337:13:MX_RTC_Init	72	static
../Core/Src/main.c:422:13:MX_SPI1_Init	8	static
../Core/Src/main.c:462:13:MX_TIM6_Init	24	static
../Core/Src/main.c:500:13:MX_USART1_UART_Init	8	static
../Core/Src/main.c:548:13:MX_USART2_UART_Init	8	static
../Core/Src/main.c:596:13:MX_USART3_UART_Init	8	static
../Core/Src/main.c:644:13:MX_USART5_UART_Init	8	static
../Core/Src/main.c:680:13:MX_GPIO_Init	56	static
../Core/Src/main.c:778:6:send_debug_logs	24	static
../Core/Src/main.c:792:6:my_sys_init	8	static
../Core/Src/main.c:828:6:is_system_initialized	24	static
../Core/Src/main.c:836:6:my_sys_restart	24	static
../Core/Src/main.c:844:6:my_sys_standby	24	static
../Core/Src/main.c:856:6:my_sys_sleep	32	static
../Core/Src/main.c:869:6:my_sys_deepsleep	32	static
../Core/Src/main.c:884:6:my_sys_change_watchdog_time_ths	16	static
../Core/Src/main.c:892:6:my_sys_change_AlarmA_time	16	static
../Core/Src/main.c:900:6:my_sys_change_fix_acq_ths	16	static
../Core/Src/main.c:908:6:my_sys_change_min_tns_time_ths	16	static
../Core/Src/main.c:916:6:my_sys_change_pdop_ths	16	static
../Core/Src/main.c:924:6:my_tracker_handle_cmd	64	static
../Core/Src/main.c:1009:6:my_ldg_sw_on	8	static
../Core/Src/main.c:1013:6:my_ldb_sw_on	8	static
../Core/Src/main.c:1017:6:my_ldg_sw_off	8	static
../Core/Src/main.c:1021:6:my_ldb_sw_off	8	static
../Core/Src/main.c:1025:6:my_ldg_blink	16	static
../Core/Src/main.c:1036:6:my_ldb_blink	16	static
../Core/Src/main.c:1049:6:my_ant_sw_pos	16	static
../Core/Src/main.c:1065:6:my_gnss_sw_on	8	static
../Core/Src/main.c:1072:6:my_gnss_sw_off	8	static
../Core/Src/main.c:1082:6:my_gnss_receive_byte	16	static
../Core/Src/main.c:1088:6:is_fix3d	24	static
../Core/Src/main.c:1098:6:my_gnss_verbose	16	static
../Core/Src/main.c:1108:6:my_acc_init	16	static
../Core/Src/main.c:1122:6:my_acc_start	16	static
../Core/Src/main.c:1151:6:my_acc_stop	8	static
../Core/Src/main.c:1167:6:my_astronode_reset	8	static
../Core/Src/main.c:1174:6:send_astronode_request	16	static
../Core/Src/main.c:1180:10:get_systick	8	static
../Core/Src/main.c:1184:6:is_systick_timeout_over	16	static
../Core/Src/main.c:1188:6:is_astronode_character_received	16	static
../Core/Src/main.c:1192:6:my_astro_evt_pin	8	static
../Core/Src/main.c:1196:6:my_astro_turn_payload_id_counter	8	static
../Core/Src/main.c:1201:6:my_astro_send_uplink	16	static
../Core/Src/main.c:1214:9:my_st_acc_platform_write	32	static
../Core/Src/main.c:1225:9:my_st_acc_platform_read	32	static
../Core/Src/main.c:1239:6:my_tim_init	8	static
../Core/Src/main.c:1244:6:my_tim_start	8	static
../Core/Src/main.c:1250:6:my_tim_stop	8	static
../Core/Src/main.c:1259:6:HAL_TIM_PeriodElapsedCallback	16	static
../Core/Src/main.c:1270:6:HAL_RTC_AlarmAEventCallback	16	static
../Core/Src/main.c:1278:6:HAL_GPIO_EXTI_Rising_Callback	16	static
../Core/Src/main.c:1288:6:Error_Handler	8	static,ignoring_inline_asm
