../Core/Src/main.c:144:5:main	56	static
../Core/Src/main.c:287:6:SystemClock_Config	96	static
../Core/Src/main.c:334:13:MX_RTC_Init	72	static
../Core/Src/main.c:419:13:MX_SPI1_Init	8	static
../Core/Src/main.c:459:13:MX_TIM6_Init	24	static
../Core/Src/main.c:497:13:MX_USART1_UART_Init	8	static
../Core/Src/main.c:545:13:MX_USART2_UART_Init	8	static
../Core/Src/main.c:593:13:MX_USART3_UART_Init	8	static
../Core/Src/main.c:641:13:MX_USART5_UART_Init	8	static
../Core/Src/main.c:677:13:MX_GPIO_Init	56	static
../Core/Src/main.c:775:6:send_debug_logs	24	static
../Core/Src/main.c:789:6:my_sys_init	8	static
../Core/Src/main.c:825:6:is_system_initialized	24	static
../Core/Src/main.c:833:6:my_sys_restart	24	static
../Core/Src/main.c:841:6:my_sys_standby	24	static
../Core/Src/main.c:853:6:my_sys_deepsleep	24	static
../Core/Src/main.c:867:6:my_sys_change_watchdog_time_ths	16	static
../Core/Src/main.c:875:6:my_sys_change_AlarmA_time	16	static
../Core/Src/main.c:883:6:my_sys_change_fix_acq_ths	16	static
../Core/Src/main.c:891:6:my_sys_change_min_tns_time_ths	16	static
../Core/Src/main.c:899:6:my_sys_change_pdop_ths	16	static
../Core/Src/main.c:907:6:my_tracker_handle_cmd	64	static
../Core/Src/main.c:983:6:my_ldg_sw_on	8	static
../Core/Src/main.c:987:6:my_ldb_sw_on	8	static
../Core/Src/main.c:991:6:my_ldg_sw_off	8	static
../Core/Src/main.c:995:6:my_ldb_sw_off	8	static
../Core/Src/main.c:999:6:my_ldg_blink	16	static
../Core/Src/main.c:1010:6:my_ldb_blink	16	static
../Core/Src/main.c:1023:6:my_ant_sw_pos	16	static
../Core/Src/main.c:1039:6:my_gnss_sw_on	8	static
../Core/Src/main.c:1046:6:my_gnss_sw_off	8	static
../Core/Src/main.c:1056:6:my_gnss_receive_byte	16	static
../Core/Src/main.c:1062:6:is_fix3d	24	static
../Core/Src/main.c:1072:6:my_gnss_verbose	16	static
../Core/Src/main.c:1082:6:my_acc_init	8	static
../Core/Src/main.c:1091:6:my_astronode_reset	8	static
../Core/Src/main.c:1098:6:send_astronode_request	16	static
../Core/Src/main.c:1104:10:get_systick	8	static
../Core/Src/main.c:1108:6:is_systick_timeout_over	16	static
../Core/Src/main.c:1112:6:is_astronode_character_received	16	static
../Core/Src/main.c:1116:6:my_astro_evt_pin	8	static
../Core/Src/main.c:1120:6:my_astro_turn_payload_id_counter	8	static
../Core/Src/main.c:1127:9:my_st_acc_platform_write	32	static
../Core/Src/main.c:1138:9:my_st_acc_platform_read	32	static
../Core/Src/main.c:1151:6:my_tim_init	8	static
../Core/Src/main.c:1156:6:my_tim_start	8	static
../Core/Src/main.c:1162:6:my_tim_stop	8	static
../Core/Src/main.c:1171:6:HAL_TIM_PeriodElapsedCallback	16	static
../Core/Src/main.c:1182:6:HAL_RTC_AlarmAEventCallback	16	static
../Core/Src/main.c:1190:6:HAL_GPIO_EXTI_Rising_Callback	16	static
../Core/Src/main.c:1200:6:Error_Handler	8	static,ignoring_inline_asm
