../Core/Src/main.c:156:5:main	56	static
../Core/Src/main.c:304:6:SystemClock_Config	96	static
../Core/Src/main.c:351:13:MX_RTC_Init	72	static
../Core/Src/main.c:436:13:MX_SPI1_Init	8	static
../Core/Src/main.c:476:13:MX_TIM6_Init	24	static
../Core/Src/main.c:514:13:MX_USART1_UART_Init	8	static
../Core/Src/main.c:562:13:MX_USART2_UART_Init	8	static
../Core/Src/main.c:610:13:MX_USART3_UART_Init	8	static
../Core/Src/main.c:658:13:MX_USART5_UART_Init	8	static
../Core/Src/main.c:694:13:MX_GPIO_Init	56	static
../Core/Src/main.c:792:6:send_debug_logs	24	static
../Core/Src/main.c:806:6:my_sys_init	8	static
../Core/Src/main.c:842:6:is_system_initialized	24	static
../Core/Src/main.c:850:6:my_sys_restart	24	static
../Core/Src/main.c:858:6:my_sys_standby	24	static
../Core/Src/main.c:870:6:my_sys_sleep	32	static
../Core/Src/main.c:883:6:my_sys_deepsleep	32	static
../Core/Src/main.c:898:6:my_sys_change_watchdog_time_ths	16	static
../Core/Src/main.c:906:6:my_sys_change_AlarmA_time	16	static
../Core/Src/main.c:914:6:my_sys_change_fix_acq_ths	16	static
../Core/Src/main.c:922:6:my_sys_change_min_tns_time_ths	16	static
../Core/Src/main.c:930:6:my_sys_change_pdop_ths	16	static
../Core/Src/main.c:938:6:my_tracker_handle_cmd	64	static
../Core/Src/main.c:1023:6:my_ldg_sw_on	8	static
../Core/Src/main.c:1027:6:my_ldb_sw_on	8	static
../Core/Src/main.c:1031:6:my_ldg_sw_off	8	static
../Core/Src/main.c:1035:6:my_ldb_sw_off	8	static
../Core/Src/main.c:1039:6:my_ldg_blink	16	static
../Core/Src/main.c:1050:6:my_ldb_blink	16	static
../Core/Src/main.c:1063:6:my_ant_sw_pos	16	static
../Core/Src/main.c:1079:6:my_gnss_sw_on	8	static
../Core/Src/main.c:1086:6:my_gnss_sw_off	8	static
../Core/Src/main.c:1096:6:my_gnss_receive_byte	16	static
../Core/Src/main.c:1102:6:is_fix3d	24	static
../Core/Src/main.c:1112:6:my_gnss_verbose	16	static
../Core/Src/main.c:1122:6:my_acc_init	16	static
../Core/Src/main.c:1137:6:my_acc_start	16	static
../Core/Src/main.c:1166:6:my_acc_stop	8	static
../Core/Src/main.c:1182:6:my_astronode_reset	8	static
../Core/Src/main.c:1189:6:send_astronode_request	16	static
../Core/Src/main.c:1195:10:get_systick	8	static
../Core/Src/main.c:1199:6:is_systick_timeout_over	16	static
../Core/Src/main.c:1203:6:is_astronode_character_received	16	static
../Core/Src/main.c:1207:6:my_astro_evt_pin	8	static
../Core/Src/main.c:1211:6:my_astro_turn_payload_id_counter	8	static
../Core/Src/main.c:1216:6:my_astro_send_uplink	16	static
../Core/Src/main.c:1229:9:my_st_acc_platform_write	32	static
../Core/Src/main.c:1240:9:my_st_acc_platform_read	32	static
../Core/Src/main.c:1254:6:my_tim_init	8	static
../Core/Src/main.c:1259:6:my_tim_start	8	static
../Core/Src/main.c:1265:6:my_tim_stop	8	static
../Core/Src/main.c:1274:6:HAL_TIM_PeriodElapsedCallback	16	static
../Core/Src/main.c:1285:6:HAL_RTC_AlarmAEventCallback	16	static
../Core/Src/main.c:1293:6:HAL_GPIO_EXTI_Rising_Callback	16	static
../Core/Src/main.c:1303:6:Error_Handler	8	static,ignoring_inline_asm
