../Core/Src/main.c:137:5:main	64	static
../Core/Src/main.c:342:6:SystemClock_Config	96	static
../Core/Src/main.c:389:13:MX_RTC_Init	72	static
../Core/Src/main.c:474:13:MX_SPI1_Init	8	static
../Core/Src/main.c:514:13:MX_TIM6_Init	24	static
../Core/Src/main.c:552:13:MX_USART1_UART_Init	8	static
../Core/Src/main.c:600:13:MX_USART2_UART_Init	8	static
../Core/Src/main.c:648:13:MX_USART3_UART_Init	8	static
../Core/Src/main.c:696:13:MX_USART5_UART_Init	8	static
../Core/Src/main.c:732:13:MX_GPIO_Init	56	static
../Core/Src/main.c:830:6:send_debug_logs	24	static
../Core/Src/main.c:844:6:my_sys_init	8	static
../Core/Src/main.c:877:6:is_system_initialized	24	static
../Core/Src/main.c:885:6:my_sys_restart	24	static
../Core/Src/main.c:893:6:my_sys_standby	24	static
../Core/Src/main.c:905:6:my_sys_deepsleep	24	static
../Core/Src/main.c:919:6:my_sys_change_watchdog_time_ths	16	static
../Core/Src/main.c:927:6:my_sys_change_AlarmA_time	16	static
../Core/Src/main.c:935:6:my_sys_change_fix_acq_ths	16	static
../Core/Src/main.c:943:6:my_sys_change_min_tns_time_ths	16	static
../Core/Src/main.c:951:6:my_sys_change_pdop_ths	16	static
../Core/Src/main.c:960:6:my_ldg_sw_on	8	static
../Core/Src/main.c:964:6:my_ldb_sw_on	8	static
../Core/Src/main.c:968:6:my_ldg_sw_off	8	static
../Core/Src/main.c:972:6:my_ldb_sw_off	8	static
../Core/Src/main.c:976:6:my_ldg_blink	16	static
../Core/Src/main.c:987:6:my_ldb_blink	16	static
../Core/Src/main.c:1000:6:my_ant_sw_pos	16	static
../Core/Src/main.c:1016:6:my_gnss_sw_on	8	static
../Core/Src/main.c:1023:6:my_gnss_sw_off	8	static
../Core/Src/main.c:1033:6:my_gnss_receive_byte	16	static
../Core/Src/main.c:1039:6:is_fix3d	24	static
../Core/Src/main.c:1049:6:my_gnss_verbose	16	static
../Core/Src/main.c:1060:6:my_astronode_reset	8	static
../Core/Src/main.c:1067:6:send_astronode_request	16	static
../Core/Src/main.c:1073:10:get_systick	8	static
../Core/Src/main.c:1077:6:is_systick_timeout_over	16	static
../Core/Src/main.c:1081:6:is_astronode_character_received	16	static
../Core/Src/main.c:1085:6:my_astro_evt_pin	8	static
../Core/Src/main.c:1091:6:my_tim_init	8	static
../Core/Src/main.c:1096:6:my_tim_start	8	static
../Core/Src/main.c:1102:6:my_tim_stop	8	static
../Core/Src/main.c:1111:6:HAL_TIM_PeriodElapsedCallback	16	static
../Core/Src/main.c:1122:6:HAL_RTC_AlarmAEventCallback	16	static
../Core/Src/main.c:1130:6:HAL_GPIO_EXTI_Rising_Callback	16	static
../Core/Src/main.c:1140:6:Error_Handler	8	static,ignoring_inline_asm
