../Core/Src/main.c:116:5:main	8	static
../Core/Src/main.c:190:6:SystemClock_Config	96	static
../Core/Src/main.c:237:13:MX_RTC_Init	72	static
../Core/Src/main.c:322:13:MX_SPI1_Init	8	static
../Core/Src/main.c:362:13:MX_TIM6_Init	24	static
../Core/Src/main.c:400:13:MX_USART1_UART_Init	8	static
../Core/Src/main.c:448:13:MX_USART2_UART_Init	8	static
../Core/Src/main.c:496:13:MX_USART3_UART_Init	8	static
../Core/Src/main.c:544:13:MX_USART5_UART_Init	8	static
../Core/Src/main.c:580:13:MX_GPIO_Init	56	static
../Core/Src/main.c:674:6:send_debug_logs	24	static
../Core/Src/main.c:688:6:is_system_initialized	24	static
../Core/Src/main.c:697:6:my_ldg_sw_on	8	static
../Core/Src/main.c:701:6:my_ldb_sw_on	8	static
../Core/Src/main.c:705:6:my_ldg_sw_off	8	static
../Core/Src/main.c:709:6:my_ldb_sw_off	8	static
../Core/Src/main.c:713:6:my_ldg_blink	16	static
../Core/Src/main.c:724:6:my_ldb_blink	16	static
../Core/Src/main.c:737:6:my_ant_sw_pos	16	static
../Core/Src/main.c:753:6:my_gnss_sw_on	8	static
../Core/Src/main.c:760:6:my_gnss_sw_off	8	static
../Core/Src/main.c:768:6:my_gnss_receive_byte	16	static
../Core/Src/main.c:774:6:is_fix3d	24	static
../Core/Src/main.c:787:6:reset_astronode	8	static
../Core/Src/main.c:794:6:send_astronode_request	16	static
../Core/Src/main.c:800:10:get_systick	8	static
../Core/Src/main.c:804:6:is_systick_timeout_over	16	static
../Core/Src/main.c:808:6:is_astronode_character_received	16	static
../Core/Src/main.c:814:6:my_tim_init	8	static
../Core/Src/main.c:819:6:my_tim_start	8	static
../Core/Src/main.c:825:6:my_tim_stop	8	static
../Core/Src/main.c:835:6:HAL_TIM_PeriodElapsedCallback	16	static
../Core/Src/main.c:853:6:Error_Handler	8	static,ignoring_inline_asm
