../Core/Src/main.c:130:5:main	48	static
../Core/Src/main.c:289:6:SystemClock_Config	96	static
../Core/Src/main.c:336:13:MX_RTC_Init	72	static
../Core/Src/main.c:421:13:MX_SPI1_Init	8	static
../Core/Src/main.c:461:13:MX_TIM6_Init	24	static
../Core/Src/main.c:499:13:MX_USART1_UART_Init	8	static
../Core/Src/main.c:547:13:MX_USART2_UART_Init	8	static
../Core/Src/main.c:595:13:MX_USART3_UART_Init	8	static
../Core/Src/main.c:643:13:MX_USART5_UART_Init	8	static
../Core/Src/main.c:679:13:MX_GPIO_Init	56	static
../Core/Src/main.c:777:6:send_debug_logs	24	static
../Core/Src/main.c:791:6:my_sys_init	8	static
../Core/Src/main.c:824:6:is_system_initialized	24	static
../Core/Src/main.c:833:6:my_ldg_sw_on	8	static
../Core/Src/main.c:837:6:my_ldb_sw_on	8	static
../Core/Src/main.c:841:6:my_ldg_sw_off	8	static
../Core/Src/main.c:845:6:my_ldb_sw_off	8	static
../Core/Src/main.c:849:6:my_ldg_blink	16	static
../Core/Src/main.c:860:6:my_ldb_blink	16	static
../Core/Src/main.c:873:6:my_ant_sw_pos	16	static
../Core/Src/main.c:889:6:my_gnss_sw_on	8	static
../Core/Src/main.c:896:6:my_gnss_sw_off	8	static
../Core/Src/main.c:906:6:my_gnss_receive_byte	16	static
../Core/Src/main.c:912:6:is_fix3d	24	static
../Core/Src/main.c:922:6:my_gnss_verbose	16	static
../Core/Src/main.c:933:6:my_astronode_reset	8	static
../Core/Src/main.c:940:6:send_astronode_request	16	static
../Core/Src/main.c:946:10:get_systick	8	static
../Core/Src/main.c:950:6:is_systick_timeout_over	16	static
../Core/Src/main.c:954:6:is_astronode_character_received	16	static
../Core/Src/main.c:958:6:my_astro_evt_pin	8	static
../Core/Src/main.c:964:6:my_tim_init	8	static
../Core/Src/main.c:969:6:my_tim_start	8	static
../Core/Src/main.c:975:6:my_tim_stop	8	static
../Core/Src/main.c:984:6:HAL_TIM_PeriodElapsedCallback	32	static
../Core/Src/main.c:1000:6:HAL_RTC_AlarmAEventCallback	16	static
../Core/Src/main.c:1008:6:HAL_GPIO_EXTI_Rising_Callback	16	static
../Core/Src/main.c:1018:6:Error_Handler	8	static,ignoring_inline_asm
