../Core/Src/main.c:138:5:main	48	static
../Core/Src/main.c:275:6:SystemClock_Config	96	static
../Core/Src/main.c:322:13:MX_RTC_Init	72	static
../Core/Src/main.c:407:13:MX_SPI1_Init	8	static
../Core/Src/main.c:447:13:MX_TIM6_Init	24	static
../Core/Src/main.c:485:13:MX_USART1_UART_Init	8	static
../Core/Src/main.c:533:13:MX_USART2_UART_Init	8	static
../Core/Src/main.c:581:13:MX_USART3_UART_Init	8	static
../Core/Src/main.c:629:13:MX_USART5_UART_Init	8	static
../Core/Src/main.c:665:13:MX_GPIO_Init	56	static
../Core/Src/main.c:763:6:send_debug_logs	24	static
../Core/Src/main.c:777:6:my_sys_init	8	static
../Core/Src/main.c:813:6:is_system_initialized	24	static
../Core/Src/main.c:821:6:my_sys_restart	24	static
../Core/Src/main.c:829:6:my_sys_standby	24	static
../Core/Src/main.c:841:6:my_sys_deepsleep	24	static
../Core/Src/main.c:855:6:my_sys_change_watchdog_time_ths	16	static
../Core/Src/main.c:863:6:my_sys_change_AlarmA_time	16	static
../Core/Src/main.c:871:6:my_sys_change_fix_acq_ths	16	static
../Core/Src/main.c:879:6:my_sys_change_min_tns_time_ths	16	static
../Core/Src/main.c:887:6:my_sys_change_pdop_ths	16	static
../Core/Src/main.c:895:6:my_tracker_handle_cmd	24	static
../Core/Src/main.c:955:6:my_ldg_sw_on	8	static
../Core/Src/main.c:959:6:my_ldb_sw_on	8	static
../Core/Src/main.c:963:6:my_ldg_sw_off	8	static
../Core/Src/main.c:967:6:my_ldb_sw_off	8	static
../Core/Src/main.c:971:6:my_ldg_blink	16	static
../Core/Src/main.c:982:6:my_ldb_blink	16	static
../Core/Src/main.c:995:6:my_ant_sw_pos	16	static
../Core/Src/main.c:1011:6:my_gnss_sw_on	8	static
../Core/Src/main.c:1018:6:my_gnss_sw_off	8	static
../Core/Src/main.c:1028:6:my_gnss_receive_byte	16	static
../Core/Src/main.c:1034:6:is_fix3d	24	static
../Core/Src/main.c:1044:6:my_gnss_verbose	16	static
../Core/Src/main.c:1055:6:my_astronode_reset	8	static
../Core/Src/main.c:1062:6:send_astronode_request	16	static
../Core/Src/main.c:1068:10:get_systick	8	static
../Core/Src/main.c:1072:6:is_systick_timeout_over	16	static
../Core/Src/main.c:1076:6:is_astronode_character_received	16	static
../Core/Src/main.c:1080:6:my_astro_evt_pin	8	static
../Core/Src/main.c:1086:6:my_tim_init	8	static
../Core/Src/main.c:1091:6:my_tim_start	8	static
../Core/Src/main.c:1097:6:my_tim_stop	8	static
../Core/Src/main.c:1106:6:HAL_TIM_PeriodElapsedCallback	16	static
../Core/Src/main.c:1117:6:HAL_RTC_AlarmAEventCallback	16	static
../Core/Src/main.c:1125:6:HAL_GPIO_EXTI_Rising_Callback	16	static
../Core/Src/main.c:1135:6:Error_Handler	8	static,ignoring_inline_asm
